---
http_interactions:
- request:
    method: post
    uri: http://localhost:8080/cql/translator
    body:
      encoding: ASCII-8BIT
      string: "--818605\r\nContent-Disposition: form-data; name=\"file[]\"\r\n\r\nlibrary
        BCSTest version '0.0.001'\n\nusing QDM version '5.0'\n\ncodesystem \"LOINC:2.46\":
        'urn:oid:2.16.840.1.113883.6.1' version 'urn:hl7:version:2.46'\n\ncodesystem
        \"SNOMEDCT:2016-03\": 'urn:oid:2.16.840.1.113883.6.96' version 'urn:hl7:version:2016-03'\n\ncodesystem
        \"CPT:2016\": 'urn:oid:2.16.840.1.113883.6.12' version 'urn:hl7:version:2016'\n\ncodesystem
        \"AdministrativeGender:HL7V3.0_2015-07\": 'urn:oid:2.16.840.1.113883.5.1'
        version 'urn:hl7:version:HL7V3.0_2015-07'\n\ncodesystem \"SNOMEDCT:2016-09\":
        'urn:oid:2.16.840.1.113883.6.96' version 'urn:hl7:version:2016-09'\n\ncodesystem
        \"LOINC:2.56\": 'urn:oid:2.16.840.1.113883.6.1' version 'urn:hl7:version:2.56'\n\ncodesystem
        \"HCPCS:2016\": 'urn:oid:2.16.840.1.113883.6.285' version 'urn:hl7:version:2016'\n\ncodesystem
        \"CDCREC:1.0\": 'urn:oid:2.16.840.1.113883.6.238' version 'urn:hl7:version:1.0'\n\ncodesystem
        \"SOP:6.0\": 'urn:oid:2.16.840.1.113883.3.221.5' version 'urn:hl7:version:6.0'\n\nvalueset
        \"ONC Administrative Sex\": 'urn:oid:2.16.840.1.113762.1.4.1' codesystems
        {\"AdministrativeGender:HL7V3.0_2015-07\"}\n\nvalueset \"Race\": 'urn:oid:2.16.840.1.114222.4.11.836'
        codesystems {\"CDCREC:1.0\"}\n\nvalueset \"Ethnicity\": 'urn:oid:2.16.840.1.114222.4.11.837'
        codesystems {\"CDCREC:1.0\"}\n\nvalueset \"Payer\": 'urn:oid:2.16.840.1.114222.4.11.3591'
        codesystems {\"SOP:6.0\"}\n\nvalueset \"Mammogram\": 'urn:oid:2.16.840.1.113883.3.464.1003.108.12.1018'
        codesystems {\"LOINC:2.56\", \"HCPCS:2016\"}\n\nvalueset \"Face-to-Face Interaction\":
        'urn:oid:2.16.840.1.113883.3.464.1003.101.12.1048' codesystems {\"SNOMEDCT:2016-09\"}\n\nvalueset
        \"Home Healthcare Services\": 'urn:oid:2.16.840.1.113883.3.464.1003.101.12.1016'
        codesystems {\"CPT:2016\"}\n\nvalueset \"Office Visit\": 'urn:oid:2.16.840.1.113883.3.464.1003.101.12.1001'
        codesystems {\"CPT:2016\"}\n\nvalueset \"Bilateral Mastectomy\": 'urn:oid:2.16.840.1.113883.3.464.1003.198.12.1005'
        codesystems {\"SNOMEDCT:2016-09\"}\n\nvalueset \"Unilateral Mastectomy\":
        'urn:oid:2.16.840.1.113883.3.464.1003.198.12.1020' codesystems {\"SNOMEDCT:2016-09\",
        \"CPT:2016\"}\n\nvalueset \"Female\": 'urn:oid:2.16.840.1.113883.3.560.100.2'
        codesystems {\"AdministrativeGender:HL7V3.0_2015-07\"}\n\nparameter \"Measurement
        Period\" Interval<DateTime>\n\ncontext Patient\n\ndefine \"SDE Ethnicity\":
        [\"Patient Characteristic Ethnicity\": \"Ethnicity\"]\n\ndefine \"SDE Payer\":
        [\"Patient Characteristic Payer\": \"Payer\"]\n\ndefine \"SDE Race\": [\"Patient
        Characteristic Race\": \"Race\"]\n\ndefine \"SDE Sex\": [\"Patient Characteristic
        Sex\": \"ONC Administrative Sex\"]\n\ndefine \"Initial Pop\": ([\"Encounter,
        Performed\": \"Office Visit\"]\nunion [\"Encounter, Performed\": \"Face-to-Face
        Interaction\"]\nunion [\"Encounter, Performed\": \"Home Healthcare Services\"])Enc\nwhere
        Enc.relevantPeriod during \"Measurement Period\"\nand AgeInYearsAt(start of
        \"Measurement Period\")>=65\n\ndefine \"Num\": [\"Diagnostic Study, Performed\":
        \"Mammogram\"]Mam\nwhere Mam.relevantPeriod 26 months or less before end of
        \"Measurement Period\"\n\ndefine \"Double Unilateral Mastectomy\": Count([\"Procedure,
        Performed\": \"Unilateral Mastectomy\"]P\nwhere P.relevantPeriod before end
        of \"Measurement Period\")=2\n\ndefine \"Denom\": exists(\"Initial Pop\")
        and\nAgeInYearsAt(start of \"Measurement Period\")<74\nand exists([\"Patient
        Characteristic Sex\": \"Female\"])\n\ndefine \"Denom Excl\": exists([\"Procedure,
        Performed\": \"Bilateral Mastectomy\"]BIM\nwhere BIM.relevantPeriod before
        end of \"Measurement Period\") or \"Double Unilateral Mastectomy\"\n\r\n--818605--\r\n"
    headers:
      Accept:
      - "*/*; q=0.5, application/xml"
      Accept-Encoding:
      - gzip, deflate
      Content-Length:
      - '3432'
      Content-Type:
      - multipart/form-data; boundary=818605
      User-Agent:
      - Ruby
  response:
    status:
      code: 200
      message: OK
    headers:
      Mime-Version:
      - '1.0'
      Content-Type:
      - multipart/form-data;boundary=Boundary_1_1904617969_1498142110726
      Date:
      - Thu, 22 Jun 2017 14:35:10 GMT
      Transfer-Encoding:
      - chunked
    body:
      encoding: UTF-8
      string: "--Boundary_1_1904617969_1498142110726\r\nContent-Type: application/elm+json\r\nContent-Disposition:
        form-data; name=\"file[]\"\r\n\r\n{\n   \"library\" : {\n      \"identifier\"
        : {\n         \"id\" : \"BCSTest\",\n         \"version\" : \"0.0.001\"\n
        \     },\n      \"schemaIdentifier\" : {\n         \"id\" : \"urn:hl7-org:elm\",\n
        \        \"version\" : \"r1\"\n      },\n      \"usings\" : {\n         \"def\"
        : [ {\n            \"localIdentifier\" : \"System\",\n            \"uri\"
        : \"urn:hl7-org:elm-types:r1\"\n         }, {\n            \"localId\" : \"1\",\n
        \           \"localIdentifier\" : \"QDM\",\n            \"uri\" : \"urn:healthit-gov:qdm:v5_0_draft\",\n
        \           \"version\" : \"5.0\"\n         } ]\n      },\n      \"parameters\"
        : {\n         \"def\" : [ {\n            \"localId\" : \"37\",\n            \"name\"
        : \"Measurement Period\",\n            \"accessLevel\" : \"Public\",\n            \"parameterTypeSpecifier\"
        : {\n               \"localId\" : \"36\",\n               \"type\" : \"IntervalTypeSpecifier\",\n
        \              \"pointType\" : {\n                  \"localId\" : \"35\",\n
        \                 \"name\" : \"{urn:hl7-org:elm-types:r1}DateTime\",\n                  \"type\"
        : \"NamedTypeSpecifier\"\n               }\n            }\n         } ]\n
        \     },\n      \"codeSystems\" : {\n         \"def\" : [ {\n            \"localId\"
        : \"2\",\n            \"name\" : \"LOINC:2.46\",\n            \"id\" : \"urn:oid:2.16.840.1.113883.6.1\",\n
        \           \"version\" : \"urn:hl7:version:2.46\",\n            \"accessLevel\"
        : \"Public\"\n         }, {\n            \"localId\" : \"3\",\n            \"name\"
        : \"SNOMEDCT:2016-03\",\n            \"id\" : \"urn:oid:2.16.840.1.113883.6.96\",\n
        \           \"version\" : \"urn:hl7:version:2016-03\",\n            \"accessLevel\"
        : \"Public\"\n         }, {\n            \"localId\" : \"4\",\n            \"name\"
        : \"CPT:2016\",\n            \"id\" : \"urn:oid:2.16.840.1.113883.6.12\",\n
        \           \"version\" : \"urn:hl7:version:2016\",\n            \"accessLevel\"
        : \"Public\"\n         }, {\n            \"localId\" : \"5\",\n            \"name\"
        : \"AdministrativeGender:HL7V3.0_2015-07\",\n            \"id\" : \"urn:oid:2.16.840.1.113883.5.1\",\n
        \           \"version\" : \"urn:hl7:version:HL7V3.0_2015-07\",\n            \"accessLevel\"
        : \"Public\"\n         }, {\n            \"localId\" : \"6\",\n            \"name\"
        : \"SNOMEDCT:2016-09\",\n            \"id\" : \"urn:oid:2.16.840.1.113883.6.96\",\n
        \           \"version\" : \"urn:hl7:version:2016-09\",\n            \"accessLevel\"
        : \"Public\"\n         }, {\n            \"localId\" : \"7\",\n            \"name\"
        : \"LOINC:2.56\",\n            \"id\" : \"urn:oid:2.16.840.1.113883.6.1\",\n
        \           \"version\" : \"urn:hl7:version:2.56\",\n            \"accessLevel\"
        : \"Public\"\n         }, {\n            \"localId\" : \"8\",\n            \"name\"
        : \"HCPCS:2016\",\n            \"id\" : \"urn:oid:2.16.840.1.113883.6.285\",\n
        \           \"version\" : \"urn:hl7:version:2016\",\n            \"accessLevel\"
        : \"Public\"\n         }, {\n            \"localId\" : \"9\",\n            \"name\"
        : \"CDCREC:1.0\",\n            \"id\" : \"urn:oid:2.16.840.1.113883.6.238\",\n
        \           \"version\" : \"urn:hl7:version:1.0\",\n            \"accessLevel\"
        : \"Public\"\n         }, {\n            \"localId\" : \"10\",\n            \"name\"
        : \"SOP:6.0\",\n            \"id\" : \"urn:oid:2.16.840.1.113883.3.221.5\",\n
        \           \"version\" : \"urn:hl7:version:6.0\",\n            \"accessLevel\"
        : \"Public\"\n         } ]\n      },\n      \"valueSets\" : {\n         \"def\"
        : [ {\n            \"localId\" : \"12\",\n            \"name\" : \"ONC Administrative
        Sex\",\n            \"id\" : \"urn:oid:2.16.840.1.113762.1.4.1\",\n            \"accessLevel\"
        : \"Public\",\n            \"codeSystem\" : [ {\n               \"localId\"
        : \"11\",\n               \"name\" : \"AdministrativeGender:HL7V3.0_2015-07\"\n
        \           } ]\n         }, {\n            \"localId\" : \"14\",\n            \"name\"
        : \"Race\",\n            \"id\" : \"urn:oid:2.16.840.1.114222.4.11.836\",\n
        \           \"accessLevel\" : \"Public\",\n            \"codeSystem\" : [
        {\n               \"localId\" : \"13\",\n               \"name\" : \"CDCREC:1.0\"\n
        \           } ]\n         }, {\n            \"localId\" : \"16\",\n            \"name\"
        : \"Ethnicity\",\n            \"id\" : \"urn:oid:2.16.840.1.114222.4.11.837\",\n
        \           \"accessLevel\" : \"Public\",\n            \"codeSystem\" : [
        {\n               \"localId\" : \"15\",\n               \"name\" : \"CDCREC:1.0\"\n
        \           } ]\n         }, {\n            \"localId\" : \"18\",\n            \"name\"
        : \"Payer\",\n            \"id\" : \"urn:oid:2.16.840.1.114222.4.11.3591\",\n
        \           \"accessLevel\" : \"Public\",\n            \"codeSystem\" : [
        {\n               \"localId\" : \"17\",\n               \"name\" : \"SOP:6.0\"\n
        \           } ]\n         }, {\n            \"localId\" : \"21\",\n            \"name\"
        : \"Mammogram\",\n            \"id\" : \"urn:oid:2.16.840.1.113883.3.464.1003.108.12.1018\",\n
        \           \"accessLevel\" : \"Public\",\n            \"codeSystem\" : [
        {\n               \"localId\" : \"19\",\n               \"name\" : \"LOINC:2.56\"\n
        \           }, {\n               \"localId\" : \"20\",\n               \"name\"
        : \"HCPCS:2016\"\n            } ]\n         }, {\n            \"localId\"
        : \"23\",\n            \"name\" : \"Face-to-Face Interaction\",\n            \"id\"
        : \"urn:oid:2.16.840.1.113883.3.464.1003.101.12.1048\",\n            \"accessLevel\"
        : \"Public\",\n            \"codeSystem\" : [ {\n               \"localId\"
        : \"22\",\n               \"name\" : \"SNOMEDCT:2016-09\"\n            } ]\n
        \        }, {\n            \"localId\" : \"25\",\n            \"name\" : \"Home
        Healthcare Services\",\n            \"id\" : \"urn:oid:2.16.840.1.113883.3.464.1003.101.12.1016\",\n
        \           \"accessLevel\" : \"Public\",\n            \"codeSystem\" : [
        {\n               \"localId\" : \"24\",\n               \"name\" : \"CPT:2016\"\n
        \           } ]\n         }, {\n            \"localId\" : \"27\",\n            \"name\"
        : \"Office Visit\",\n            \"id\" : \"urn:oid:2.16.840.1.113883.3.464.1003.101.12.1001\",\n
        \           \"accessLevel\" : \"Public\",\n            \"codeSystem\" : [
        {\n               \"localId\" : \"26\",\n               \"name\" : \"CPT:2016\"\n
        \           } ]\n         }, {\n            \"localId\" : \"29\",\n            \"name\"
        : \"Bilateral Mastectomy\",\n            \"id\" : \"urn:oid:2.16.840.1.113883.3.464.1003.198.12.1005\",\n
        \           \"accessLevel\" : \"Public\",\n            \"codeSystem\" : [
        {\n               \"localId\" : \"28\",\n               \"name\" : \"SNOMEDCT:2016-09\"\n
        \           } ]\n         }, {\n            \"localId\" : \"32\",\n            \"name\"
        : \"Unilateral Mastectomy\",\n            \"id\" : \"urn:oid:2.16.840.1.113883.3.464.1003.198.12.1020\",\n
        \           \"accessLevel\" : \"Public\",\n            \"codeSystem\" : [
        {\n               \"localId\" : \"30\",\n               \"name\" : \"SNOMEDCT:2016-09\"\n
        \           }, {\n               \"localId\" : \"31\",\n               \"name\"
        : \"CPT:2016\"\n            } ]\n         }, {\n            \"localId\" :
        \"34\",\n            \"name\" : \"Female\",\n            \"id\" : \"urn:oid:2.16.840.1.113883.3.560.100.2\",\n
        \           \"accessLevel\" : \"Public\",\n            \"codeSystem\" : [
        {\n               \"localId\" : \"33\",\n               \"name\" : \"AdministrativeGender:HL7V3.0_2015-07\"\n
        \           } ]\n         } ]\n      },\n      \"statements\" : {\n         \"def\"
        : [ {\n            \"name\" : \"Patient\",\n            \"context\" : \"Patient\",\n
        \           \"expression\" : {\n               \"type\" : \"SingletonFrom\",\n
        \              \"operand\" : {\n                  \"dataType\" : \"{urn:healthit-gov:qdm:v5_0_draft}Patient\",\n
        \                 \"templateId\" : \"Patient\",\n                  \"type\"
        : \"Retrieve\"\n               }\n            }\n         }, {\n            \"localId\"
        : \"39\",\n            \"name\" : \"SDE Ethnicity\",\n            \"context\"
        : \"Patient\",\n            \"accessLevel\" : \"Public\",\n            \"annotation\"
        : [ {\n               \"type\" : \"Annotation\",\n               \"s\" : {\n
        \                 \"value\" : [ \"define \\\"SDE Ethnicity\\\": [\\\"Patient
        Characteristic Ethnicity\\\": \\\"Ethnicity\\\"]\" ]\n               }\n            }
        ],\n            \"expression\" : {\n               \"localId\" : \"38\",\n
        \              \"dataType\" : \"{urn:healthit-gov:qdm:v5_0_draft}PatientCharacteristicEthnicity\",\n
        \              \"type\" : \"Retrieve\",\n               \"codes\" : {\n                  \"name\"
        : \"Ethnicity\",\n                  \"type\" : \"ValueSetRef\"\n               }\n
        \           }\n         }, {\n            \"localId\" : \"41\",\n            \"name\"
        : \"SDE Payer\",\n            \"context\" : \"Patient\",\n            \"accessLevel\"
        : \"Public\",\n            \"annotation\" : [ {\n               \"type\" :
        \"Annotation\",\n               \"s\" : {\n                  \"value\" : [
        \"define \\\"SDE Payer\\\": [\\\"Patient Characteristic Payer\\\": \\\"Payer\\\"]\"
        ]\n               }\n            } ],\n            \"expression\" : {\n               \"localId\"
        : \"40\",\n               \"dataType\" : \"{urn:healthit-gov:qdm:v5_0_draft}PatientCharacteristicPayer\",\n
        \              \"type\" : \"Retrieve\",\n               \"codes\" : {\n                  \"name\"
        : \"Payer\",\n                  \"type\" : \"ValueSetRef\"\n               }\n
        \           }\n         }, {\n            \"localId\" : \"43\",\n            \"name\"
        : \"SDE Race\",\n            \"context\" : \"Patient\",\n            \"accessLevel\"
        : \"Public\",\n            \"annotation\" : [ {\n               \"type\" :
        \"Annotation\",\n               \"s\" : {\n                  \"value\" : [
        \"define \\\"SDE Race\\\": [\\\"Patient Characteristic Race\\\": \\\"Race\\\"]\"
        ]\n               }\n            } ],\n            \"expression\" : {\n               \"localId\"
        : \"42\",\n               \"dataType\" : \"{urn:healthit-gov:qdm:v5_0_draft}PatientCharacteristicRace\",\n
        \              \"type\" : \"Retrieve\",\n               \"codes\" : {\n                  \"name\"
        : \"Race\",\n                  \"type\" : \"ValueSetRef\"\n               }\n
        \           }\n         }, {\n            \"localId\" : \"45\",\n            \"name\"
        : \"SDE Sex\",\n            \"context\" : \"Patient\",\n            \"accessLevel\"
        : \"Public\",\n            \"annotation\" : [ {\n               \"type\" :
        \"Annotation\",\n               \"s\" : {\n                  \"value\" : [
        \"define \\\"SDE Sex\\\": [\\\"Patient Characteristic Sex\\\": \\\"ONC Administrative
        Sex\\\"]\" ]\n               }\n            } ],\n            \"expression\"
        : {\n               \"localId\" : \"44\",\n               \"dataType\" : \"{urn:healthit-gov:qdm:v5_0_draft}PatientCharacteristicSex\",\n
        \              \"type\" : \"Retrieve\",\n               \"codes\" : {\n                  \"name\"
        : \"ONC Administrative Sex\",\n                  \"type\" : \"ValueSetRef\"\n
        \              }\n            }\n         }, {\n            \"localId\" :
        \"63\",\n            \"name\" : \"Initial Pop\",\n            \"context\"
        : \"Patient\",\n            \"accessLevel\" : \"Public\",\n            \"annotation\"
        : [ {\n               \"type\" : \"Annotation\",\n               \"s\" : {\n
        \                 \"value\" : [ \"define \\\"Initial Pop\\\": ([\\\"Encounter,
        Performed\\\": \\\"Office Visit\\\"]\\nunion [\\\"Encounter, Performed\\\":
        \\\"Face-to-Face Interaction\\\"]\\nunion [\\\"Encounter, Performed\\\": \\\"Home
        Healthcare Services\\\"])Enc\\nwhere Enc.relevantPeriod during \\\"Measurement
        Period\\\"\\nand AgeInYearsAt(start of \\\"Measurement Period\\\")>=65\" ]\n
        \              }\n            } ],\n            \"expression\" : {\n               \"localId\"
        : \"62\",\n               \"type\" : \"Query\",\n               \"source\"
        : [ {\n                  \"localId\" : \"51\",\n                  \"alias\"
        : \"Enc\",\n                  \"expression\" : {\n                     \"localId\"
        : \"50\",\n                     \"type\" : \"Union\",\n                     \"operand\"
        : [ {\n                        \"localId\" : \"48\",\n                        \"type\"
        : \"Union\",\n                        \"operand\" : [ {\n                           \"localId\"
        : \"46\",\n                           \"dataType\" : \"{urn:healthit-gov:qdm:v5_0_draft}EncounterPerformed\",\n
        \                          \"templateId\" : \"PositiveEncounterPerformed\",\n
        \                          \"codeProperty\" : \"code\",\n                           \"type\"
        : \"Retrieve\",\n                           \"codes\" : {\n                              \"name\"
        : \"Office Visit\",\n                              \"type\" : \"ValueSetRef\"\n
        \                          }\n                        }, {\n                           \"localId\"
        : \"47\",\n                           \"dataType\" : \"{urn:healthit-gov:qdm:v5_0_draft}EncounterPerformed\",\n
        \                          \"templateId\" : \"PositiveEncounterPerformed\",\n
        \                          \"codeProperty\" : \"code\",\n                           \"type\"
        : \"Retrieve\",\n                           \"codes\" : {\n                              \"name\"
        : \"Face-to-Face Interaction\",\n                              \"type\" :
        \"ValueSetRef\"\n                           }\n                        } ]\n
        \                    }, {\n                        \"localId\" : \"49\",\n
        \                       \"dataType\" : \"{urn:healthit-gov:qdm:v5_0_draft}EncounterPerformed\",\n
        \                       \"templateId\" : \"PositiveEncounterPerformed\",\n
        \                       \"codeProperty\" : \"code\",\n                        \"type\"
        : \"Retrieve\",\n                        \"codes\" : {\n                           \"name\"
        : \"Home Healthcare Services\",\n                           \"type\" : \"ValueSetRef\"\n
        \                       }\n                     } ]\n                  }\n
        \              } ],\n               \"relationship\" : [ ],\n               \"where\"
        : {\n                  \"localId\" : \"61\",\n                  \"type\" :
        \"And\",\n                  \"operand\" : [ {\n                     \"localId\"
        : \"55\",\n                     \"type\" : \"IncludedIn\",\n                     \"operand\"
        : [ {\n                        \"localId\" : \"53\",\n                        \"path\"
        : \"relevantPeriod\",\n                        \"scope\" : \"Enc\",\n                        \"type\"
        : \"Property\"\n                     }, {\n                        \"localId\"
        : \"54\",\n                        \"name\" : \"Measurement Period\",\n                        \"type\"
        : \"ParameterRef\"\n                     } ]\n                  }, {\n                     \"localId\"
        : \"60\",\n                     \"type\" : \"GreaterOrEqual\",\n                     \"operand\"
        : [ {\n                        \"localId\" : \"58\",\n                        \"precision\"
        : \"Year\",\n                        \"type\" : \"CalculateAgeAt\",\n                        \"operand\"
        : [ {\n                           \"path\" : \"birthDatetime\",\n                           \"type\"
        : \"Property\",\n                           \"source\" : {\n                              \"name\"
        : \"Patient\",\n                              \"type\" : \"ExpressionRef\"\n
        \                          }\n                        }, {\n                           \"localId\"
        : \"57\",\n                           \"type\" : \"Start\",\n                           \"operand\"
        : {\n                              \"localId\" : \"56\",\n                              \"name\"
        : \"Measurement Period\",\n                              \"type\" : \"ParameterRef\"\n
        \                          }\n                        } ]\n                     },
        {\n                        \"localId\" : \"59\",\n                        \"valueType\"
        : \"{urn:hl7-org:elm-types:r1}Integer\",\n                        \"value\"
        : \"65\",\n                        \"type\" : \"Literal\"\n                     }
        ]\n                  } ]\n               }\n            }\n         }, {\n
        \           \"localId\" : \"73\",\n            \"name\" : \"Num\",\n            \"context\"
        : \"Patient\",\n            \"accessLevel\" : \"Public\",\n            \"annotation\"
        : [ {\n               \"type\" : \"Annotation\",\n               \"s\" : {\n
        \                 \"value\" : [ \"define \\\"Num\\\": [\\\"Diagnostic Study,
        Performed\\\": \\\"Mammogram\\\"]Mam\\nwhere Mam.relevantPeriod 26 months
        or less before end of \\\"Measurement Period\\\"\" ]\n               }\n            }
        ],\n            \"expression\" : {\n               \"localId\" : \"72\",\n
        \              \"type\" : \"Query\",\n               \"source\" : [ {\n                  \"localId\"
        : \"65\",\n                  \"alias\" : \"Mam\",\n                  \"expression\"
        : {\n                     \"localId\" : \"64\",\n                     \"dataType\"
        : \"{urn:healthit-gov:qdm:v5_0_draft}DiagnosticStudyPerformed\",\n                     \"templateId\"
        : \"PositiveDiagnosticStudyPerformed\",\n                     \"codeProperty\"
        : \"code\",\n                     \"type\" : \"Retrieve\",\n                     \"codes\"
        : {\n                        \"name\" : \"Mammogram\",\n                        \"type\"
        : \"ValueSetRef\"\n                     }\n                  }\n               }
        ],\n               \"relationship\" : [ ],\n               \"where\" : {\n
        \                 \"localId\" : \"71\",\n                  \"type\" : \"In\",\n
        \                 \"operand\" : [ {\n                     \"type\" : \"End\",\n
        \                    \"operand\" : {\n                        \"localId\"
        : \"67\",\n                        \"path\" : \"relevantPeriod\",\n                        \"scope\"
        : \"Mam\",\n                        \"type\" : \"Property\"\n                     }\n
        \                 }, {\n                     \"lowClosed\" : true,\n                     \"highClosed\"
        : false,\n                     \"type\" : \"Interval\",\n                     \"low\"
        : {\n                        \"type\" : \"Subtract\",\n                        \"operand\"
        : [ {\n                           \"localId\" : \"69\",\n                           \"type\"
        : \"End\",\n                           \"operand\" : {\n                              \"localId\"
        : \"68\",\n                              \"name\" : \"Measurement Period\",\n
        \                             \"type\" : \"ParameterRef\"\n                           }\n
        \                       }, {\n                           \"localId\" : \"70\",\n
        \                          \"value\" : 26,\n                           \"unit\"
        : \"months\",\n                           \"type\" : \"Quantity\"\n                        }
        ]\n                     },\n                     \"high\" : {\n                        \"localId\"
        : \"69\",\n                        \"type\" : \"End\",\n                        \"operand\"
        : {\n                           \"localId\" : \"68\",\n                           \"name\"
        : \"Measurement Period\",\n                           \"type\" : \"ParameterRef\"\n
        \                       }\n                     }\n                  } ]\n
        \              }\n            }\n         }, {\n            \"localId\" :
        \"85\",\n            \"name\" : \"Double Unilateral Mastectomy\",\n            \"context\"
        : \"Patient\",\n            \"accessLevel\" : \"Public\",\n            \"annotation\"
        : [ {\n               \"type\" : \"Annotation\",\n               \"s\" : {\n
        \                 \"value\" : [ \"define \\\"Double Unilateral Mastectomy\\\":
        Count([\\\"Procedure, Performed\\\": \\\"Unilateral Mastectomy\\\"]P\\nwhere
        P.relevantPeriod before end of \\\"Measurement Period\\\")=2\" ]\n               }\n
        \           } ],\n            \"expression\" : {\n               \"localId\"
        : \"84\",\n               \"type\" : \"Equal\",\n               \"operand\"
        : [ {\n                  \"localId\" : \"82\",\n                  \"type\"
        : \"Count\",\n                  \"source\" : {\n                     \"localId\"
        : \"81\",\n                     \"type\" : \"Query\",\n                     \"source\"
        : [ {\n                        \"localId\" : \"75\",\n                        \"alias\"
        : \"P\",\n                        \"expression\" : {\n                           \"localId\"
        : \"74\",\n                           \"dataType\" : \"{urn:healthit-gov:qdm:v5_0_draft}ProcedurePerformed\",\n
        \                          \"templateId\" : \"PositiveProcedurePerformed\",\n
        \                          \"codeProperty\" : \"code\",\n                           \"type\"
        : \"Retrieve\",\n                           \"codes\" : {\n                              \"name\"
        : \"Unilateral Mastectomy\",\n                              \"type\" : \"ValueSetRef\"\n
        \                          }\n                        }\n                     }
        ],\n                     \"relationship\" : [ ],\n                     \"where\"
        : {\n                        \"localId\" : \"80\",\n                        \"type\"
        : \"Before\",\n                        \"operand\" : [ {\n                           \"localId\"
        : \"77\",\n                           \"path\" : \"relevantPeriod\",\n                           \"scope\"
        : \"P\",\n                           \"type\" : \"Property\"\n                        },
        {\n                           \"localId\" : \"79\",\n                           \"type\"
        : \"End\",\n                           \"operand\" : {\n                              \"localId\"
        : \"78\",\n                              \"name\" : \"Measurement Period\",\n
        \                             \"type\" : \"ParameterRef\"\n                           }\n
        \                       } ]\n                     }\n                  }\n
        \              }, {\n                  \"localId\" : \"83\",\n                  \"valueType\"
        : \"{urn:hl7-org:elm-types:r1}Integer\",\n                  \"value\" : \"2\",\n
        \                 \"type\" : \"Literal\"\n               } ]\n            }\n
        \        }, {\n            \"localId\" : \"97\",\n            \"name\" : \"Denom\",\n
        \           \"context\" : \"Patient\",\n            \"accessLevel\" : \"Public\",\n
        \           \"annotation\" : [ {\n               \"type\" : \"Annotation\",\n
        \              \"s\" : {\n                  \"value\" : [ \"define \\\"Denom\\\":
        exists(\\\"Initial Pop\\\") and\\nAgeInYearsAt(start of \\\"Measurement Period\\\")<74\\nand
        exists([\\\"Patient Characteristic Sex\\\": \\\"Female\\\"])\" ]\n               }\n
        \           } ],\n            \"expression\" : {\n               \"localId\"
        : \"96\",\n               \"type\" : \"And\",\n               \"operand\"
        : [ {\n                  \"localId\" : \"93\",\n                  \"type\"
        : \"And\",\n                  \"operand\" : [ {\n                     \"localId\"
        : \"87\",\n                     \"type\" : \"Exists\",\n                     \"operand\"
        : {\n                        \"localId\" : \"86\",\n                        \"name\"
        : \"Initial Pop\",\n                        \"type\" : \"ExpressionRef\"\n
        \                    }\n                  }, {\n                     \"localId\"
        : \"92\",\n                     \"type\" : \"Less\",\n                     \"operand\"
        : [ {\n                        \"localId\" : \"90\",\n                        \"precision\"
        : \"Year\",\n                        \"type\" : \"CalculateAgeAt\",\n                        \"operand\"
        : [ {\n                           \"path\" : \"birthDatetime\",\n                           \"type\"
        : \"Property\",\n                           \"source\" : {\n                              \"name\"
        : \"Patient\",\n                              \"type\" : \"ExpressionRef\"\n
        \                          }\n                        }, {\n                           \"localId\"
        : \"89\",\n                           \"type\" : \"Start\",\n                           \"operand\"
        : {\n                              \"localId\" : \"88\",\n                              \"name\"
        : \"Measurement Period\",\n                              \"type\" : \"ParameterRef\"\n
        \                          }\n                        } ]\n                     },
        {\n                        \"localId\" : \"91\",\n                        \"valueType\"
        : \"{urn:hl7-org:elm-types:r1}Integer\",\n                        \"value\"
        : \"74\",\n                        \"type\" : \"Literal\"\n                     }
        ]\n                  } ]\n               }, {\n                  \"localId\"
        : \"95\",\n                  \"type\" : \"Exists\",\n                  \"operand\"
        : {\n                     \"localId\" : \"94\",\n                     \"dataType\"
        : \"{urn:healthit-gov:qdm:v5_0_draft}PatientCharacteristicSex\",\n                     \"type\"
        : \"Retrieve\",\n                     \"codes\" : {\n                        \"name\"
        : \"Female\",\n                        \"type\" : \"ValueSetRef\"\n                     }\n
        \                 }\n               } ]\n            }\n         }, {\n            \"localId\"
        : \"109\",\n            \"name\" : \"Denom Excl\",\n            \"context\"
        : \"Patient\",\n            \"accessLevel\" : \"Public\",\n            \"annotation\"
        : [ {\n               \"type\" : \"Annotation\",\n               \"s\" : {\n
        \                 \"value\" : [ \"define \\\"Denom Excl\\\": exists([\\\"Procedure,
        Performed\\\": \\\"Bilateral Mastectomy\\\"]BIM\\nwhere BIM.relevantPeriod
        before end of \\\"Measurement Period\\\") or \\\"Double Unilateral Mastectomy\\\"\"
        ]\n               }\n            } ],\n            \"expression\" : {\n               \"localId\"
        : \"108\",\n               \"type\" : \"Or\",\n               \"operand\"
        : [ {\n                  \"localId\" : \"106\",\n                  \"type\"
        : \"Exists\",\n                  \"operand\" : {\n                     \"localId\"
        : \"105\",\n                     \"type\" : \"Query\",\n                     \"source\"
        : [ {\n                        \"localId\" : \"99\",\n                        \"alias\"
        : \"BIM\",\n                        \"expression\" : {\n                           \"localId\"
        : \"98\",\n                           \"dataType\" : \"{urn:healthit-gov:qdm:v5_0_draft}ProcedurePerformed\",\n
        \                          \"templateId\" : \"PositiveProcedurePerformed\",\n
        \                          \"codeProperty\" : \"code\",\n                           \"type\"
        : \"Retrieve\",\n                           \"codes\" : {\n                              \"name\"
        : \"Bilateral Mastectomy\",\n                              \"type\" : \"ValueSetRef\"\n
        \                          }\n                        }\n                     }
        ],\n                     \"relationship\" : [ ],\n                     \"where\"
        : {\n                        \"localId\" : \"104\",\n                        \"type\"
        : \"Before\",\n                        \"operand\" : [ {\n                           \"localId\"
        : \"101\",\n                           \"path\" : \"relevantPeriod\",\n                           \"scope\"
        : \"BIM\",\n                           \"type\" : \"Property\"\n                        },
        {\n                           \"localId\" : \"103\",\n                           \"type\"
        : \"End\",\n                           \"operand\" : {\n                              \"localId\"
        : \"102\",\n                              \"name\" : \"Measurement Period\",\n
        \                             \"type\" : \"ParameterRef\"\n                           }\n
        \                       } ]\n                     }\n                  }\n
        \              }, {\n                  \"localId\" : \"107\",\n                  \"name\"
        : \"Double Unilateral Mastectomy\",\n                  \"type\" : \"ExpressionRef\"\n
        \              } ]\n            }\n         } ]\n      }\n   }\n}\r\n--Boundary_1_1904617969_1498142110726--\r\n"
    http_version: 
  recorded_at: Thu, 22 Jun 2017 14:35:10 GMT
- request:
    method: post
    uri: https://vsac.nlm.nih.gov/vsac/ws/Ticket
    body:
      encoding: US-ASCII
      string: username=<VSAC_USERNAME>&password=<VSAC_PASSWORD>
    headers:
      Accept:
      - "*/*; q=0.5, application/xml"
      Accept-Encoding:
      - gzip, deflate
      Content-Length:
      - '45'
      Content-Type:
      - application/x-www-form-urlencoded
      User-Agent:
      - Ruby
  response:
    status:
      code: 200
      message: ''
    headers:
      X-Frame-Options:
      - SAMEORIGIN
      - SAMEORIGIN
      X-Content-Type-Options:
      - nosniff
      - nosniff
      X-Xss-Protection:
      - 1; mode=block
      Cache-Control:
      - no-cache, no-store, max-age=0, must-revalidate
      Pragma:
      - no-cache
      Expires:
      - '0'
      Content-Type:
      - text/plain;charset=utf-8
      Content-Length:
      - '65'
      Date:
      - Thu, 22 Jun 2017 14:34:13 GMT
      Set-Cookie:
      - BIGipServervsacweb_p=!pQTh6JcJHKhpq6nLMWjf8K3rTDmEEtxi5aH7KWldqfd/UeLLhGXUjiG++wadt7Av9+9i6jTMAyFNLn0=;
        expires=Thu, 22-Jun-2017 16:34:13 GMT; path=/; Httponly; Secure
      X-Vip-Info:
      - 130.14.16.40:443
      X-Pool-Info:
      - "/Common/vsacweb_p 10.1.5.114 8080"
      Strict-Transport-Security:
      - max-age=31536000; includeSubDomains; preload
    body:
      encoding: UTF-8
      string: TGT-120848-YztvHiJj9EZ7p1gYPoQUl7CI6bjxegHUS4cTT30jbQ1RVVWIVC-cas
    http_version: 
  recorded_at: Thu, 22 Jun 2017 14:35:10 GMT
- request:
    method: post
    uri: https://vsac.nlm.nih.gov/vsac/ws/Ticket/TGT-120848-YztvHiJj9EZ7p1gYPoQUl7CI6bjxegHUS4cTT30jbQ1RVVWIVC-cas
    body:
      encoding: US-ASCII
      string: service=http%3A%2F%2Fumlsks.nlm.nih.gov
    headers:
      Accept:
      - "*/*; q=0.5, application/xml"
      Accept-Encoding:
      - gzip, deflate
      Content-Length:
      - '39'
      Content-Type:
      - application/x-www-form-urlencoded
      User-Agent:
      - Ruby
  response:
    status:
      code: 200
      message: ''
    headers:
      X-Frame-Options:
      - SAMEORIGIN
      - SAMEORIGIN
      X-Content-Type-Options:
      - nosniff
      - nosniff
      X-Xss-Protection:
      - 1; mode=block
      Cache-Control:
      - no-cache, no-store, max-age=0, must-revalidate
      Pragma:
      - no-cache
      Expires:
      - '0'
      Content-Type:
      - text/plain;charset=utf-8
      Content-Length:
      - '34'
      Date:
      - Thu, 22 Jun 2017 14:34:13 GMT
      Set-Cookie:
      - BIGipServervsacweb_p=!0LeMiiguFLOme1vLMWjf8K3rTDmEEmaMQ8x1XvTVWOh0sOqxXbCcY28/CwsHpyZuwoHJ5tCQvSjZJ04=;
        expires=Thu, 22-Jun-2017 16:34:13 GMT; path=/; Httponly; Secure
      X-Vip-Info:
      - 130.14.16.40:443
      X-Pool-Info:
      - "/Common/vsacweb_p 10.1.5.114 8080"
      Strict-Transport-Security:
      - max-age=31536000; includeSubDomains; preload
    body:
      encoding: UTF-8
      string: ST-445977-VNEesoa7PQcsm2g1r7fB-cas
    http_version: 
  recorded_at: Thu, 22 Jun 2017 14:35:11 GMT
- request:
    method: get
    uri: https://vsac.nlm.nih.gov/vsac/svs/RetrieveMultipleValueSets?id=2.16.840.1.113762.1.4.1&ticket=ST-445977-VNEesoa7PQcsm2g1r7fB-cas
    body:
      encoding: US-ASCII
      string: ''
    headers:
      Accept:
      - "*/*; q=0.5, application/xml"
      Accept-Encoding:
      - gzip, deflate
      User-Agent:
      - Ruby
  response:
    status:
      code: 200
      message: ''
    headers:
      X-Frame-Options:
      - SAMEORIGIN
      - SAMEORIGIN
      X-Content-Type-Options:
      - nosniff
      - nosniff
      X-Xss-Protection:
      - 1; mode=block
      Set-Cookie:
      - BIGipServervsacweb_p=!Vnb1ZfbrT7G3OQbLMWjf8K3rTDmEEvWhGDLarcG0o8P86g+jjyQTtojGQvD3FS9hiZOMuUPhQDpKcOE=;
        expires=Thu, 22-Jun-2017 16:34:13 GMT; path=/; Httponly; Secure
      - JSESSIONID=C8F2DDEC37A0B8698EBDE8754D9553EF;path=/vsac;HttpOnly;Secure
      Cache-Control:
      - no-cache, no-store, max-age=0, must-revalidate
      Pragma:
      - no-cache
      Expires:
      - '0'
      Content-Type:
      - text/xml;charset=utf-8
      Content-Length:
      - '1361'
      Date:
      - Thu, 22 Jun 2017 14:34:13 GMT
      X-Vip-Info:
      - 130.14.16.40:443
      X-Pool-Info:
      - "/Common/vsacweb_p 10.1.5.114 8080"
      Strict-Transport-Security:
      - max-age=31536000; includeSubDomains; preload
    body:
      encoding: UTF-8
      string: |
        <?xml version="1.0" encoding="UTF-8" standalone="yes"?>
        <ns0:RetrieveMultipleValueSetsResponse xmlns:ns0="urn:ihe:iti:svs:2008" xmlns:xsi="http://www.w3.org/2001/XMLSchema-instance">
            <ns0:DescribedValueSet ID="2.16.840.1.113762.1.4.1" displayName="ONC Administrative Sex" version="20170202">
                <ns0:ConceptList>
                    <ns0:Concept code="F" codeSystem="2.16.840.1.113883.5.1" codeSystemName="AdministrativeGender" codeSystemVersion="HL7V3.0_2016-07" displayName="Female"/>
                    <ns0:Concept code="M" codeSystem="2.16.840.1.113883.5.1" codeSystemName="AdministrativeGender" codeSystemVersion="HL7V3.0_2016-07" displayName="Male"/>
                </ns0:ConceptList>
                <ns0:Source>Office of the National Coordinator for Health Information Technology</ns0:Source>
                <ns0:Purpose>(Clinical Focus: Gender identity restricted to only Male and Female used in administrative situations requiring a restriction to these two categories.),(Data Element Scope: Gender),(Inclusion Criteria: Male and Female only.),(Exclusion Criteria: Any gender identity that is not male or female.)</ns0:Purpose>
                <ns0:Type>Extensional</ns0:Type>
                <ns0:Binding>Dynamic</ns0:Binding>
                <ns0:Status>Active</ns0:Status>
                <ns0:RevisionDate>2015-03-31</ns0:RevisionDate>
            </ns0:DescribedValueSet>
        </ns0:RetrieveMultipleValueSetsResponse>
    http_version: 
  recorded_at: Thu, 22 Jun 2017 14:35:11 GMT
- request:
    method: post
    uri: https://vsac.nlm.nih.gov/vsac/ws/Ticket/TGT-120848-YztvHiJj9EZ7p1gYPoQUl7CI6bjxegHUS4cTT30jbQ1RVVWIVC-cas
    body:
      encoding: US-ASCII
      string: service=http%3A%2F%2Fumlsks.nlm.nih.gov
    headers:
      Accept:
      - "*/*; q=0.5, application/xml"
      Accept-Encoding:
      - gzip, deflate
      Content-Length:
      - '39'
      Content-Type:
      - application/x-www-form-urlencoded
      User-Agent:
      - Ruby
  response:
    status:
      code: 200
      message: ''
    headers:
      X-Frame-Options:
      - SAMEORIGIN
      - SAMEORIGIN
      X-Content-Type-Options:
      - nosniff
      - nosniff
      X-Xss-Protection:
      - 1; mode=block
      Cache-Control:
      - no-cache, no-store, max-age=0, must-revalidate
      Pragma:
      - no-cache
      Expires:
      - '0'
      Content-Type:
      - text/plain;charset=utf-8
      Content-Length:
      - '34'
      Date:
      - Thu, 22 Jun 2017 14:34:14 GMT
      Set-Cookie:
      - BIGipServervsacweb_p=!5FkeYTMOJsIFghHLMWjf8K3rTDmEEgArzm7iA2yHxmSCqem5TobkX7rdVmXc7YuoY4mZ+fTb7tl/YXA=;
        expires=Thu, 22-Jun-2017 16:34:14 GMT; path=/; Httponly; Secure
      X-Vip-Info:
      - 130.14.16.40:443
      X-Pool-Info:
      - "/Common/vsacweb_p 10.1.5.114 8080"
      Strict-Transport-Security:
      - max-age=31536000; includeSubDomains; preload
    body:
      encoding: UTF-8
      string: ST-445987-fvZlwq9fggdkRoNVOoeR-cas
    http_version: 
  recorded_at: Thu, 22 Jun 2017 14:35:11 GMT
- request:
    method: get
    uri: https://vsac.nlm.nih.gov/vsac/svs/RetrieveMultipleValueSets?id=2.16.840.1.114222.4.11.836&ticket=ST-445987-fvZlwq9fggdkRoNVOoeR-cas
    body:
      encoding: US-ASCII
      string: ''
    headers:
      Accept:
      - "*/*; q=0.5, application/xml"
      Accept-Encoding:
      - gzip, deflate
      User-Agent:
      - Ruby
  response:
    status:
      code: 200
      message: ''
    headers:
      X-Frame-Options:
      - SAMEORIGIN
      - SAMEORIGIN
      X-Content-Type-Options:
      - nosniff
      - nosniff
      X-Xss-Protection:
      - 1; mode=block
      Set-Cookie:
      - BIGipServervsacweb_p=!d7YI1dI+ijJtowjLMWjf8K3rTDmEEjav1KDjF4bzwZUtwAoWRMajH9w+DOotwv8/i0PSaQYmUnlMsCM=;
        expires=Thu, 22-Jun-2017 16:34:14 GMT; path=/; Httponly; Secure
      - JSESSIONID=C1D2277AADFE6744B2EE00E82F83E9DC;path=/vsac;HttpOnly;Secure
      Cache-Control:
      - no-cache, no-store, max-age=0, must-revalidate
      Pragma:
      - no-cache
      Expires:
      - '0'
      Content-Type:
      - text/xml;charset=utf-8
      Content-Length:
      - '1770'
      Date:
      - Thu, 22 Jun 2017 14:34:14 GMT
      X-Vip-Info:
      - 130.14.16.40:443
      X-Pool-Info:
      - "/Common/vsacweb_p 10.1.5.114 8080"
      Strict-Transport-Security:
      - max-age=31536000; includeSubDomains; preload
    body:
      encoding: UTF-8
      string: |
        <?xml version="1.0" encoding="UTF-8" standalone="yes"?>
        <ns0:RetrieveMultipleValueSetsResponse xmlns:ns0="urn:ihe:iti:svs:2008" xmlns:xsi="http://www.w3.org/2001/XMLSchema-instance">
            <ns0:DescribedValueSet ID="2.16.840.1.114222.4.11.836" displayName="Race" version="20161109">
                <ns0:ConceptList>
                    <ns0:Concept code="1002-5" codeSystem="2.16.840.1.113883.6.238" codeSystemName="CDCREC" codeSystemVersion="1.1" displayName="American Indian or Alaska Native"/>
                    <ns0:Concept code="2028-9" codeSystem="2.16.840.1.113883.6.238" codeSystemName="CDCREC" codeSystemVersion="1.1" displayName="Asian"/>
                    <ns0:Concept code="2054-5" codeSystem="2.16.840.1.113883.6.238" codeSystemName="CDCREC" codeSystemVersion="1.1" displayName="Black or African American"/>
                    <ns0:Concept code="2076-8" codeSystem="2.16.840.1.113883.6.238" codeSystemName="CDCREC" codeSystemVersion="1.1" displayName="Native Hawaiian or Other Pacific Islander"/>
                    <ns0:Concept code="2106-3" codeSystem="2.16.840.1.113883.6.238" codeSystemName="CDCREC" codeSystemVersion="1.1" displayName="White"/>
                    <ns0:Concept code="2131-1" codeSystem="2.16.840.1.113883.6.238" codeSystemName="CDCREC" codeSystemVersion="1.1" displayName="Other Race"/>
                </ns0:ConceptList>
                <ns0:Source>Centers for Disease Control National Center for Health Statistics</ns0:Source>
                <ns0:Purpose>(Clinical Focus: ),(Data Element Scope: ),(Inclusion Criteria: ),(Exclusion Criteria: )</ns0:Purpose>
                <ns0:Type>Extensional</ns0:Type>
                <ns0:Binding>Dynamic</ns0:Binding>
                <ns0:Status>Active</ns0:Status>
                <ns0:RevisionDate>2012-10-25</ns0:RevisionDate>
            </ns0:DescribedValueSet>
        </ns0:RetrieveMultipleValueSetsResponse>
    http_version: 
  recorded_at: Thu, 22 Jun 2017 14:35:12 GMT
- request:
    method: post
    uri: https://vsac.nlm.nih.gov/vsac/ws/Ticket/TGT-120848-YztvHiJj9EZ7p1gYPoQUl7CI6bjxegHUS4cTT30jbQ1RVVWIVC-cas
    body:
      encoding: US-ASCII
      string: service=http%3A%2F%2Fumlsks.nlm.nih.gov
    headers:
      Accept:
      - "*/*; q=0.5, application/xml"
      Accept-Encoding:
      - gzip, deflate
      Content-Length:
      - '39'
      Content-Type:
      - application/x-www-form-urlencoded
      User-Agent:
      - Ruby
  response:
    status:
      code: 200
      message: ''
    headers:
      X-Frame-Options:
      - SAMEORIGIN
      - SAMEORIGIN
      X-Content-Type-Options:
      - nosniff
      - nosniff
      X-Xss-Protection:
      - 1; mode=block
      Cache-Control:
      - no-cache, no-store, max-age=0, must-revalidate
      Pragma:
      - no-cache
      Expires:
      - '0'
      Content-Type:
      - text/plain;charset=utf-8
      Content-Length:
      - '34'
      Date:
      - Thu, 22 Jun 2017 14:34:14 GMT
      Set-Cookie:
      - BIGipServervsacweb_p=!n6xselUsJdAeq57LMWjf8K3rTDmEEi3m/tACcaUTb2otqh0lqqKUkK6qvfUgDWEz1eSiWxGKpMd02+A=;
        expires=Thu, 22-Jun-2017 16:34:14 GMT; path=/; Httponly; Secure
      X-Vip-Info:
      - 130.14.16.40:443
      X-Pool-Info:
      - "/Common/vsacweb_p 10.1.5.114 8080"
      Strict-Transport-Security:
      - max-age=31536000; includeSubDomains; preload
    body:
      encoding: UTF-8
      string: ST-445990-DHUIaaSVVCYIzumO3dm1-cas
    http_version: 
  recorded_at: Thu, 22 Jun 2017 14:35:12 GMT
- request:
    method: get
    uri: https://vsac.nlm.nih.gov/vsac/svs/RetrieveMultipleValueSets?id=2.16.840.1.114222.4.11.837&ticket=ST-445990-DHUIaaSVVCYIzumO3dm1-cas
    body:
      encoding: US-ASCII
      string: ''
    headers:
      Accept:
      - "*/*; q=0.5, application/xml"
      Accept-Encoding:
      - gzip, deflate
      User-Agent:
      - Ruby
  response:
    status:
      code: 200
      message: ''
    headers:
      X-Frame-Options:
      - SAMEORIGIN
      - SAMEORIGIN
      X-Content-Type-Options:
      - nosniff
      - nosniff
      X-Xss-Protection:
      - 1; mode=block
      Set-Cookie:
      - BIGipServervsacweb_p=!gbtwNcPf1dnhzrDLMWjf8K3rTDmEEr6F1cHGaKZLhjCUbQ9w+OL9nPEiEMQGbtkL4QcUK0zly3tiPB4=;
        expires=Thu, 22-Jun-2017 16:34:14 GMT; path=/; Httponly; Secure
      - JSESSIONID=57981C4FEA316D9D1E7F879F6CE87A22;path=/vsac;HttpOnly;Secure
      Cache-Control:
      - no-cache, no-store, max-age=0, must-revalidate
      Pragma:
      - no-cache
      Expires:
      - '0'
      Content-Type:
      - text/xml;charset=utf-8
      Content-Length:
      - '1133'
      Date:
      - Thu, 22 Jun 2017 14:34:14 GMT
      X-Vip-Info:
      - 130.14.16.40:443
      X-Pool-Info:
      - "/Common/vsacweb_p 10.1.5.114 8080"
      Strict-Transport-Security:
      - max-age=31536000; includeSubDomains; preload
    body:
      encoding: UTF-8
      string: |
        <?xml version="1.0" encoding="UTF-8" standalone="yes"?>
        <ns0:RetrieveMultipleValueSetsResponse xmlns:ns0="urn:ihe:iti:svs:2008" xmlns:xsi="http://www.w3.org/2001/XMLSchema-instance">
            <ns0:DescribedValueSet ID="2.16.840.1.114222.4.11.837" displayName="Ethnicity" version="20161109">
                <ns0:ConceptList>
                    <ns0:Concept code="2135-2" codeSystem="2.16.840.1.113883.6.238" codeSystemName="CDCREC" codeSystemVersion="1.1" displayName="Hispanic or Latino"/>
                    <ns0:Concept code="2186-5" codeSystem="2.16.840.1.113883.6.238" codeSystemName="CDCREC" codeSystemVersion="1.1" displayName="Not Hispanic or Latino"/>
                </ns0:ConceptList>
                <ns0:Source>Centers for Disease Control National Center for Health Statistics</ns0:Source>
                <ns0:Purpose>(Clinical Focus: ),(Data Element Scope: ),(Inclusion Criteria: ),(Exclusion Criteria: )</ns0:Purpose>
                <ns0:Type>Extensional</ns0:Type>
                <ns0:Binding>Dynamic</ns0:Binding>
                <ns0:Status>Active</ns0:Status>
                <ns0:RevisionDate>2012-10-25</ns0:RevisionDate>
            </ns0:DescribedValueSet>
        </ns0:RetrieveMultipleValueSetsResponse>
    http_version: 
  recorded_at: Thu, 22 Jun 2017 14:35:12 GMT
- request:
    method: post
    uri: https://vsac.nlm.nih.gov/vsac/ws/Ticket/TGT-120848-YztvHiJj9EZ7p1gYPoQUl7CI6bjxegHUS4cTT30jbQ1RVVWIVC-cas
    body:
      encoding: US-ASCII
      string: service=http%3A%2F%2Fumlsks.nlm.nih.gov
    headers:
      Accept:
      - "*/*; q=0.5, application/xml"
      Accept-Encoding:
      - gzip, deflate
      Content-Length:
      - '39'
      Content-Type:
      - application/x-www-form-urlencoded
      User-Agent:
      - Ruby
  response:
    status:
      code: 200
      message: ''
    headers:
      X-Frame-Options:
      - SAMEORIGIN
      - SAMEORIGIN
      X-Content-Type-Options:
      - nosniff
      - nosniff
      X-Xss-Protection:
      - 1; mode=block
      Cache-Control:
      - no-cache, no-store, max-age=0, must-revalidate
      Pragma:
      - no-cache
      Expires:
      - '0'
      Content-Type:
      - text/plain;charset=utf-8
      Content-Length:
      - '34'
      Date:
      - Thu, 22 Jun 2017 14:34:14 GMT
      Set-Cookie:
      - BIGipServervsacweb_p=!TPjmov5kphnz5I3LMWjf8K3rTDmEEv1fuVXJXZLsM7QKchQkqmXzWDb7CXJV3hUJzC+WdJpG/ipSE5Y=;
        expires=Thu, 22-Jun-2017 16:34:14 GMT; path=/; Httponly; Secure
      X-Vip-Info:
      - 130.14.16.40:443
      X-Pool-Info:
      - "/Common/vsacweb_p 10.1.5.114 8080"
      Strict-Transport-Security:
      - max-age=31536000; includeSubDomains; preload
    body:
      encoding: UTF-8
      string: ST-445994-xLZoCf5CAH2ZGSQqkmsE-cas
    http_version: 
  recorded_at: Thu, 22 Jun 2017 14:35:12 GMT
- request:
    method: get
    uri: https://vsac.nlm.nih.gov/vsac/svs/RetrieveMultipleValueSets?id=2.16.840.1.114222.4.11.3591&ticket=ST-445994-xLZoCf5CAH2ZGSQqkmsE-cas
    body:
      encoding: US-ASCII
      string: ''
    headers:
      Accept:
      - "*/*; q=0.5, application/xml"
      Accept-Encoding:
      - gzip, deflate
      User-Agent:
      - Ruby
  response:
    status:
      code: 200
      message: ''
    headers:
      X-Frame-Options:
      - SAMEORIGIN
      - SAMEORIGIN
      X-Content-Type-Options:
      - nosniff
      - nosniff
      X-Xss-Protection:
      - 1; mode=block
      Set-Cookie:
      - BIGipServervsacweb_p=!PY8fUorXA776odrLMWjf8K3rTDmEEoWw/zBl9LVIJ1P31v1UlCCSiU7nWAWX94cbpHtxwVmQ/Va3a4c=;
        expires=Thu, 22-Jun-2017 16:34:15 GMT; path=/; Httponly; Secure
      - JSESSIONID=7A5680D7D58E156BC7501F65204DCEE4;path=/vsac;HttpOnly;Secure
      Cache-Control:
      - no-cache, no-store, max-age=0, must-revalidate
      Pragma:
      - no-cache
      Expires:
      - '0'
      Content-Type:
      - text/xml;charset=utf-8
      Content-Length:
      - '26516'
      Date:
      - Thu, 22 Jun 2017 14:34:14 GMT
      X-Vip-Info:
      - 130.14.16.40:443
      X-Pool-Info:
      - "/Common/vsacweb_p 10.1.5.114 8080"
      Strict-Transport-Security:
      - max-age=31536000; includeSubDomains; preload
    body:
      encoding: UTF-8
      string: |
        <?xml version="1.0" encoding="UTF-8" standalone="yes"?>
        <ns0:RetrieveMultipleValueSetsResponse xmlns:ns0="urn:ihe:iti:svs:2008" xmlns:xsi="http://www.w3.org/2001/XMLSchema-instance">
            <ns0:DescribedValueSet ID="2.16.840.1.114222.4.11.3591" displayName="Payer" version="20161108">
                <ns0:ConceptList>
                    <ns0:Concept code="1" codeSystem="2.16.840.1.113883.3.221.5" codeSystemName="SOP" codeSystemVersion="6.0" displayName="MEDICARE"/>
                    <ns0:Concept code="11" codeSystem="2.16.840.1.113883.3.221.5" codeSystemName="SOP" codeSystemVersion="6.0" displayName="Medicare (Managed Care)"/>
                    <ns0:Concept code="111" codeSystem="2.16.840.1.113883.3.221.5" codeSystemName="SOP" codeSystemVersion="6.0" displayName="Medicare HMO"/>
                    <ns0:Concept code="112" codeSystem="2.16.840.1.113883.3.221.5" codeSystemName="SOP" codeSystemVersion="6.0" displayName="Medicare PPO"/>
                    <ns0:Concept code="113" codeSystem="2.16.840.1.113883.3.221.5" codeSystemName="SOP" codeSystemVersion="6.0" displayName="Medicare POS"/>
                    <ns0:Concept code="119" codeSystem="2.16.840.1.113883.3.221.5" codeSystemName="SOP" codeSystemVersion="6.0" displayName="Medicare Managed Care Other"/>
                    <ns0:Concept code="12" codeSystem="2.16.840.1.113883.3.221.5" codeSystemName="SOP" codeSystemVersion="6.0" displayName="Medicare (Non-managed Care)"/>
                    <ns0:Concept code="121" codeSystem="2.16.840.1.113883.3.221.5" codeSystemName="SOP" codeSystemVersion="6.0" displayName="Medicare FFS"/>
                    <ns0:Concept code="122" codeSystem="2.16.840.1.113883.3.221.5" codeSystemName="SOP" codeSystemVersion="6.0" displayName="Medicare Drug Benefit"/>
                    <ns0:Concept code="123" codeSystem="2.16.840.1.113883.3.221.5" codeSystemName="SOP" codeSystemVersion="6.0" displayName="Medicare Medical Savings Account (MSA)"/>
                    <ns0:Concept code="129" codeSystem="2.16.840.1.113883.3.221.5" codeSystemName="SOP" codeSystemVersion="6.0" displayName="Medicare Non-managed Care Other"/>
                    <ns0:Concept code="13" codeSystem="2.16.840.1.113883.3.221.5" codeSystemName="SOP" codeSystemVersion="6.0" displayName="Medicare Hospice"/>
                    <ns0:Concept code="14" codeSystem="2.16.840.1.113883.3.221.5" codeSystemName="SOP" codeSystemVersion="6.0" displayName="Dual Eligibility Medicare/Medicaid Organization"/>
                    <ns0:Concept code="19" codeSystem="2.16.840.1.113883.3.221.5" codeSystemName="SOP" codeSystemVersion="6.0" displayName="Medicare Other"/>
                    <ns0:Concept code="191" codeSystem="2.16.840.1.113883.3.221.5" codeSystemName="SOP" codeSystemVersion="6.0" displayName="Medicare Pharmacy Benefit Manager"/>
                    <ns0:Concept code="2" codeSystem="2.16.840.1.113883.3.221.5" codeSystemName="SOP" codeSystemVersion="6.0" displayName="MEDICAID"/>
                    <ns0:Concept code="21" codeSystem="2.16.840.1.113883.3.221.5" codeSystemName="SOP" codeSystemVersion="6.0" displayName="Medicaid (Managed Care)"/>
                    <ns0:Concept code="211" codeSystem="2.16.840.1.113883.3.221.5" codeSystemName="SOP" codeSystemVersion="6.0" displayName="Medicaid HMO"/>
                    <ns0:Concept code="212" codeSystem="2.16.840.1.113883.3.221.5" codeSystemName="SOP" codeSystemVersion="6.0" displayName="Medicaid PPO"/>
                    <ns0:Concept code="213" codeSystem="2.16.840.1.113883.3.221.5" codeSystemName="SOP" codeSystemVersion="6.0" displayName="Medicaid PCCM (Primary Care Case Management)"/>
                    <ns0:Concept code="219" codeSystem="2.16.840.1.113883.3.221.5" codeSystemName="SOP" codeSystemVersion="6.0" displayName="Medicaid Managed Care Other"/>
                    <ns0:Concept code="22" codeSystem="2.16.840.1.113883.3.221.5" codeSystemName="SOP" codeSystemVersion="6.0" displayName="Medicaid (Non-managed Care Plan)"/>
                    <ns0:Concept code="23" codeSystem="2.16.840.1.113883.3.221.5" codeSystemName="SOP" codeSystemVersion="6.0" displayName="Medicaid/SCHIP"/>
                    <ns0:Concept code="24" codeSystem="2.16.840.1.113883.3.221.5" codeSystemName="SOP" codeSystemVersion="6.0" displayName="Medicaid Applicant"/>
                    <ns0:Concept code="25" codeSystem="2.16.840.1.113883.3.221.5" codeSystemName="SOP" codeSystemVersion="6.0" displayName="Medicaid - Out of State"/>
                    <ns0:Concept code="26" codeSystem="2.16.840.1.113883.3.221.5" codeSystemName="SOP" codeSystemVersion="6.0" displayName="Medicaid -- Long Term Care"/>
                    <ns0:Concept code="29" codeSystem="2.16.840.1.113883.3.221.5" codeSystemName="SOP" codeSystemVersion="6.0" displayName="Medicaid Other"/>
                    <ns0:Concept code="291" codeSystem="2.16.840.1.113883.3.221.5" codeSystemName="SOP" codeSystemVersion="6.0" displayName="Medicaid Pharmacy Benefit Manager"/>
                    <ns0:Concept code="3" codeSystem="2.16.840.1.113883.3.221.5" codeSystemName="SOP" codeSystemVersion="6.0" displayName="OTHER GOVERNMENT (Federal/State/Local) (excluding Department of Corrections)"/>
                    <ns0:Concept code="31" codeSystem="2.16.840.1.113883.3.221.5" codeSystemName="SOP" codeSystemVersion="6.0" displayName="Department of Defense"/>
                    <ns0:Concept code="311" codeSystem="2.16.840.1.113883.3.221.5" codeSystemName="SOP" codeSystemVersion="6.0" displayName="TRICARE (CHAMPUS)"/>
                    <ns0:Concept code="3111" codeSystem="2.16.840.1.113883.3.221.5" codeSystemName="SOP" codeSystemVersion="6.0" displayName="TRICARE Prime--HMO"/>
                    <ns0:Concept code="3112" codeSystem="2.16.840.1.113883.3.221.5" codeSystemName="SOP" codeSystemVersion="6.0" displayName="TRICARE Extra--PPO"/>
                    <ns0:Concept code="3113" codeSystem="2.16.840.1.113883.3.221.5" codeSystemName="SOP" codeSystemVersion="6.0" displayName="TRICARE Standard - Fee For Service"/>
                    <ns0:Concept code="3114" codeSystem="2.16.840.1.113883.3.221.5" codeSystemName="SOP" codeSystemVersion="6.0" displayName="TRICARE For Life--Medicare Supplement"/>
                    <ns0:Concept code="3115" codeSystem="2.16.840.1.113883.3.221.5" codeSystemName="SOP" codeSystemVersion="6.0" displayName="TRICARE Reserve Select"/>
                    <ns0:Concept code="3116" codeSystem="2.16.840.1.113883.3.221.5" codeSystemName="SOP" codeSystemVersion="6.0" displayName="Uniformed Services Family Health Plan (USFHP) -- HMO"/>
                    <ns0:Concept code="3119" codeSystem="2.16.840.1.113883.3.221.5" codeSystemName="SOP" codeSystemVersion="6.0" displayName="Department of Defense - (other)"/>
                    <ns0:Concept code="312" codeSystem="2.16.840.1.113883.3.221.5" codeSystemName="SOP" codeSystemVersion="6.0" displayName="Military Treatment Facility"/>
                    <ns0:Concept code="3121" codeSystem="2.16.840.1.113883.3.221.5" codeSystemName="SOP" codeSystemVersion="6.0" displayName="Enrolled Prime--HMO"/>
                    <ns0:Concept code="3122" codeSystem="2.16.840.1.113883.3.221.5" codeSystemName="SOP" codeSystemVersion="6.0" displayName="Non-enrolled Space Available"/>
                    <ns0:Concept code="3123" codeSystem="2.16.840.1.113883.3.221.5" codeSystemName="SOP" codeSystemVersion="6.0" displayName="TRICARE For Life (TFL)"/>
                    <ns0:Concept code="313" codeSystem="2.16.840.1.113883.3.221.5" codeSystemName="SOP" codeSystemVersion="6.0" displayName="Dental --Stand Alone"/>
                    <ns0:Concept code="32" codeSystem="2.16.840.1.113883.3.221.5" codeSystemName="SOP" codeSystemVersion="6.0" displayName="Department of Veterans Affairs"/>
                    <ns0:Concept code="321" codeSystem="2.16.840.1.113883.3.221.5" codeSystemName="SOP" codeSystemVersion="6.0" displayName="Veteran care--Care provided to Veterans"/>
                    <ns0:Concept code="3211" codeSystem="2.16.840.1.113883.3.221.5" codeSystemName="SOP" codeSystemVersion="6.0" displayName="Direct Care--Care provided in VA facilities"/>
                    <ns0:Concept code="3212" codeSystem="2.16.840.1.113883.3.221.5" codeSystemName="SOP" codeSystemVersion="6.0" displayName="Indirect Care--Care provided outside VA facilities"/>
                    <ns0:Concept code="32121" codeSystem="2.16.840.1.113883.3.221.5" codeSystemName="SOP" codeSystemVersion="6.0" displayName="Fee Basis"/>
                    <ns0:Concept code="32122" codeSystem="2.16.840.1.113883.3.221.5" codeSystemName="SOP" codeSystemVersion="6.0" displayName="Foreign Fee/Foreign Medical Program(FMP)"/>
                    <ns0:Concept code="32123" codeSystem="2.16.840.1.113883.3.221.5" codeSystemName="SOP" codeSystemVersion="6.0" displayName="Contract Nursing Home/Community Nursing Home"/>
                    <ns0:Concept code="32124" codeSystem="2.16.840.1.113883.3.221.5" codeSystemName="SOP" codeSystemVersion="6.0" displayName="State Veterans Home"/>
                    <ns0:Concept code="32125" codeSystem="2.16.840.1.113883.3.221.5" codeSystemName="SOP" codeSystemVersion="6.0" displayName="Sharing Agreements"/>
                    <ns0:Concept code="32126" codeSystem="2.16.840.1.113883.3.221.5" codeSystemName="SOP" codeSystemVersion="6.0" displayName="Other Federal Agency"/>
                    <ns0:Concept code="322" codeSystem="2.16.840.1.113883.3.221.5" codeSystemName="SOP" codeSystemVersion="6.0" displayName="Non-veteran care"/>
                    <ns0:Concept code="3221" codeSystem="2.16.840.1.113883.3.221.5" codeSystemName="SOP" codeSystemVersion="6.0" displayName="Civilian Health and Medical Program for the VA (CHAMPVA)"/>
                    <ns0:Concept code="3222" codeSystem="2.16.840.1.113883.3.221.5" codeSystemName="SOP" codeSystemVersion="6.0" displayName="Spina Bifida Health Care Program (SB)"/>
                    <ns0:Concept code="3223" codeSystem="2.16.840.1.113883.3.221.5" codeSystemName="SOP" codeSystemVersion="6.0" displayName="Children of Women Vietnam Veterans (CWVV)"/>
                    <ns0:Concept code="3229" codeSystem="2.16.840.1.113883.3.221.5" codeSystemName="SOP" codeSystemVersion="6.0" displayName="Other non-veteran care"/>
                    <ns0:Concept code="33" codeSystem="2.16.840.1.113883.3.221.5" codeSystemName="SOP" codeSystemVersion="6.0" displayName="Indian Health Service or Tribe"/>
                    <ns0:Concept code="331" codeSystem="2.16.840.1.113883.3.221.5" codeSystemName="SOP" codeSystemVersion="6.0" displayName="Indian Health Service -- Regular"/>
                    <ns0:Concept code="332" codeSystem="2.16.840.1.113883.3.221.5" codeSystemName="SOP" codeSystemVersion="6.0" displayName="Indian Health Service -- Contract"/>
                    <ns0:Concept code="333" codeSystem="2.16.840.1.113883.3.221.5" codeSystemName="SOP" codeSystemVersion="6.0" displayName="Indian Health Service - Managed Care"/>
                    <ns0:Concept code="334" codeSystem="2.16.840.1.113883.3.221.5" codeSystemName="SOP" codeSystemVersion="6.0" displayName="Indian Tribe - Sponsored Coverage"/>
                    <ns0:Concept code="34" codeSystem="2.16.840.1.113883.3.221.5" codeSystemName="SOP" codeSystemVersion="6.0" displayName="HRSA Program"/>
                    <ns0:Concept code="341" codeSystem="2.16.840.1.113883.3.221.5" codeSystemName="SOP" codeSystemVersion="6.0" displayName="Title V (MCH Block Grant)"/>
                    <ns0:Concept code="342" codeSystem="2.16.840.1.113883.3.221.5" codeSystemName="SOP" codeSystemVersion="6.0" displayName="Migrant Health Program"/>
                    <ns0:Concept code="343" codeSystem="2.16.840.1.113883.3.221.5" codeSystemName="SOP" codeSystemVersion="6.0" displayName="Ryan White Act"/>
                    <ns0:Concept code="349" codeSystem="2.16.840.1.113883.3.221.5" codeSystemName="SOP" codeSystemVersion="6.0" displayName="Other"/>
                    <ns0:Concept code="35" codeSystem="2.16.840.1.113883.3.221.5" codeSystemName="SOP" codeSystemVersion="6.0" displayName="Black Lung"/>
                    <ns0:Concept code="36" codeSystem="2.16.840.1.113883.3.221.5" codeSystemName="SOP" codeSystemVersion="6.0" displayName="State Government"/>
                    <ns0:Concept code="361" codeSystem="2.16.840.1.113883.3.221.5" codeSystemName="SOP" codeSystemVersion="6.0" displayName="State SCHIP program (codes for individual states)"/>
                    <ns0:Concept code="362" codeSystem="2.16.840.1.113883.3.221.5" codeSystemName="SOP" codeSystemVersion="6.0" displayName="Specific state programs (list/ local code)"/>
                    <ns0:Concept code="369" codeSystem="2.16.840.1.113883.3.221.5" codeSystemName="SOP" codeSystemVersion="6.0" displayName="State, not otherwise specified (other state)"/>
                    <ns0:Concept code="37" codeSystem="2.16.840.1.113883.3.221.5" codeSystemName="SOP" codeSystemVersion="6.0" displayName="Local Government"/>
                    <ns0:Concept code="371" codeSystem="2.16.840.1.113883.3.221.5" codeSystemName="SOP" codeSystemVersion="6.0" displayName="Local - Managed care"/>
                    <ns0:Concept code="3711" codeSystem="2.16.840.1.113883.3.221.5" codeSystemName="SOP" codeSystemVersion="6.0" displayName="HMO"/>
                    <ns0:Concept code="3712" codeSystem="2.16.840.1.113883.3.221.5" codeSystemName="SOP" codeSystemVersion="6.0" displayName="PPO"/>
                    <ns0:Concept code="3713" codeSystem="2.16.840.1.113883.3.221.5" codeSystemName="SOP" codeSystemVersion="6.0" displayName="POS"/>
                    <ns0:Concept code="372" codeSystem="2.16.840.1.113883.3.221.5" codeSystemName="SOP" codeSystemVersion="6.0" displayName="FFS/Indemnity"/>
                    <ns0:Concept code="379" codeSystem="2.16.840.1.113883.3.221.5" codeSystemName="SOP" codeSystemVersion="6.0" displayName="Local, not otherwise specified (other local, county)"/>
                    <ns0:Concept code="38" codeSystem="2.16.840.1.113883.3.221.5" codeSystemName="SOP" codeSystemVersion="6.0" displayName="Other Government (Federal, State, Local not specified)"/>
                    <ns0:Concept code="381" codeSystem="2.16.840.1.113883.3.221.5" codeSystemName="SOP" codeSystemVersion="6.0" displayName="Federal, State, Local not specified managed care"/>
                    <ns0:Concept code="3811" codeSystem="2.16.840.1.113883.3.221.5" codeSystemName="SOP" codeSystemVersion="6.0" displayName="Federal, State, Local not specified - HMO"/>
                    <ns0:Concept code="3812" codeSystem="2.16.840.1.113883.3.221.5" codeSystemName="SOP" codeSystemVersion="6.0" displayName="Federal, State, Local not specified - PPO"/>
                    <ns0:Concept code="3813" codeSystem="2.16.840.1.113883.3.221.5" codeSystemName="SOP" codeSystemVersion="6.0" displayName="Federal, State, Local not specified - POS"/>
                    <ns0:Concept code="3819" codeSystem="2.16.840.1.113883.3.221.5" codeSystemName="SOP" codeSystemVersion="6.0" displayName="Federal, State, Local not specified - not specified managed care"/>
                    <ns0:Concept code="382" codeSystem="2.16.840.1.113883.3.221.5" codeSystemName="SOP" codeSystemVersion="6.0" displayName="Federal, State, Local not specified - FFS"/>
                    <ns0:Concept code="389" codeSystem="2.16.840.1.113883.3.221.5" codeSystemName="SOP" codeSystemVersion="6.0" displayName="Federal, State, Local not specified - Other"/>
                    <ns0:Concept code="39" codeSystem="2.16.840.1.113883.3.221.5" codeSystemName="SOP" codeSystemVersion="6.0" displayName="Other Federal"/>
                    <ns0:Concept code="4" codeSystem="2.16.840.1.113883.3.221.5" codeSystemName="SOP" codeSystemVersion="6.0" displayName="DEPARTMENTS OF CORRECTIONS"/>
                    <ns0:Concept code="41" codeSystem="2.16.840.1.113883.3.221.5" codeSystemName="SOP" codeSystemVersion="6.0" displayName="Corrections Federal"/>
                    <ns0:Concept code="42" codeSystem="2.16.840.1.113883.3.221.5" codeSystemName="SOP" codeSystemVersion="6.0" displayName="Corrections State"/>
                    <ns0:Concept code="43" codeSystem="2.16.840.1.113883.3.221.5" codeSystemName="SOP" codeSystemVersion="6.0" displayName="Corrections Local"/>
                    <ns0:Concept code="44" codeSystem="2.16.840.1.113883.3.221.5" codeSystemName="SOP" codeSystemVersion="6.0" displayName="Corrections Unknown Level"/>
                    <ns0:Concept code="5" codeSystem="2.16.840.1.113883.3.221.5" codeSystemName="SOP" codeSystemVersion="6.0" displayName="PRIVATE HEALTH INSURANCE"/>
                    <ns0:Concept code="51" codeSystem="2.16.840.1.113883.3.221.5" codeSystemName="SOP" codeSystemVersion="6.0" displayName="Managed Care (Private)"/>
                    <ns0:Concept code="511" codeSystem="2.16.840.1.113883.3.221.5" codeSystemName="SOP" codeSystemVersion="6.0" displayName="Commercial Managed Care - HMO"/>
                    <ns0:Concept code="512" codeSystem="2.16.840.1.113883.3.221.5" codeSystemName="SOP" codeSystemVersion="6.0" displayName="Commercial Managed Care - PPO"/>
                    <ns0:Concept code="513" codeSystem="2.16.840.1.113883.3.221.5" codeSystemName="SOP" codeSystemVersion="6.0" displayName="Commercial Managed Care - POS"/>
                    <ns0:Concept code="514" codeSystem="2.16.840.1.113883.3.221.5" codeSystemName="SOP" codeSystemVersion="6.0" displayName="Exclusive Provider Organization"/>
                    <ns0:Concept code="515" codeSystem="2.16.840.1.113883.3.221.5" codeSystemName="SOP" codeSystemVersion="6.0" displayName="Gatekeeper PPO (GPPO)"/>
                    <ns0:Concept code="516" codeSystem="2.16.840.1.113883.3.221.5" codeSystemName="SOP" codeSystemVersion="6.0" displayName="Commercial Managed Care - Pharmacy Benefit Manager"/>
                    <ns0:Concept code="519" codeSystem="2.16.840.1.113883.3.221.5" codeSystemName="SOP" codeSystemVersion="6.0" displayName="Managed Care, Other (non HMO)"/>
                    <ns0:Concept code="52" codeSystem="2.16.840.1.113883.3.221.5" codeSystemName="SOP" codeSystemVersion="6.0" displayName="Private Health Insurance - Indemnity"/>
                    <ns0:Concept code="521" codeSystem="2.16.840.1.113883.3.221.5" codeSystemName="SOP" codeSystemVersion="6.0" displayName="Commercial Indemnity"/>
                    <ns0:Concept code="522" codeSystem="2.16.840.1.113883.3.221.5" codeSystemName="SOP" codeSystemVersion="6.0" displayName="Self-insured (ERISA) Administrative Services Only (ASO) plan"/>
                    <ns0:Concept code="523" codeSystem="2.16.840.1.113883.3.221.5" codeSystemName="SOP" codeSystemVersion="6.0" displayName="Medicare supplemental policy (as second payer)"/>
                    <ns0:Concept code="529" codeSystem="2.16.840.1.113883.3.221.5" codeSystemName="SOP" codeSystemVersion="6.0" displayName="Private health insurance--other commercial Indemnity"/>
                    <ns0:Concept code="53" codeSystem="2.16.840.1.113883.3.221.5" codeSystemName="SOP" codeSystemVersion="6.0" displayName="Managed Care (private) or private health insurance (indemnity), not otherwise specified"/>
                    <ns0:Concept code="54" codeSystem="2.16.840.1.113883.3.221.5" codeSystemName="SOP" codeSystemVersion="6.0" displayName="Organized Delivery System"/>
                    <ns0:Concept code="55" codeSystem="2.16.840.1.113883.3.221.5" codeSystemName="SOP" codeSystemVersion="6.0" displayName="Small Employer Purchasing Group"/>
                    <ns0:Concept code="56" codeSystem="2.16.840.1.113883.3.221.5" codeSystemName="SOP" codeSystemVersion="6.0" displayName="Specialized Stand Alone Plan"/>
                    <ns0:Concept code="561" codeSystem="2.16.840.1.113883.3.221.5" codeSystemName="SOP" codeSystemVersion="6.0" displayName="Dental"/>
                    <ns0:Concept code="562" codeSystem="2.16.840.1.113883.3.221.5" codeSystemName="SOP" codeSystemVersion="6.0" displayName="Vision"/>
                    <ns0:Concept code="59" codeSystem="2.16.840.1.113883.3.221.5" codeSystemName="SOP" codeSystemVersion="6.0" displayName="Other Private Insurance"/>
                    <ns0:Concept code="6" codeSystem="2.16.840.1.113883.3.221.5" codeSystemName="SOP" codeSystemVersion="6.0" displayName="BLUE CROSS/BLUE SHIELD"/>
                    <ns0:Concept code="61" codeSystem="2.16.840.1.113883.3.221.5" codeSystemName="SOP" codeSystemVersion="6.0" displayName="BC Managed Care"/>
                    <ns0:Concept code="611" codeSystem="2.16.840.1.113883.3.221.5" codeSystemName="SOP" codeSystemVersion="6.0" displayName="BC Managed Care -- HMO"/>
                    <ns0:Concept code="612" codeSystem="2.16.840.1.113883.3.221.5" codeSystemName="SOP" codeSystemVersion="6.0" displayName="BC Managed Care -- PPO"/>
                    <ns0:Concept code="613" codeSystem="2.16.840.1.113883.3.221.5" codeSystemName="SOP" codeSystemVersion="6.0" displayName="BC Managed Care -- POS"/>
                    <ns0:Concept code="619" codeSystem="2.16.840.1.113883.3.221.5" codeSystemName="SOP" codeSystemVersion="6.0" displayName="BC Managed Care -- Other"/>
                    <ns0:Concept code="62" codeSystem="2.16.840.1.113883.3.221.5" codeSystemName="SOP" codeSystemVersion="6.0" displayName="BC Indemnity"/>
                    <ns0:Concept code="63" codeSystem="2.16.840.1.113883.3.221.5" codeSystemName="SOP" codeSystemVersion="6.0" displayName="BC (Indemnity or Managed Care) - Out of State"/>
                    <ns0:Concept code="64" codeSystem="2.16.840.1.113883.3.221.5" codeSystemName="SOP" codeSystemVersion="6.0" displayName="BC (Indemnity or Managed Care) - Unspecified"/>
                    <ns0:Concept code="69" codeSystem="2.16.840.1.113883.3.221.5" codeSystemName="SOP" codeSystemVersion="6.0" displayName="BC (Indemnity or Managed Care) - Other"/>
                    <ns0:Concept code="7" codeSystem="2.16.840.1.113883.3.221.5" codeSystemName="SOP" codeSystemVersion="6.0" displayName="MANAGED CARE, UNSPECIFIED (to be used only if one can't distinguish public from private)"/>
                    <ns0:Concept code="71" codeSystem="2.16.840.1.113883.3.221.5" codeSystemName="SOP" codeSystemVersion="6.0" displayName="HMO"/>
                    <ns0:Concept code="72" codeSystem="2.16.840.1.113883.3.221.5" codeSystemName="SOP" codeSystemVersion="6.0" displayName="PPO"/>
                    <ns0:Concept code="73" codeSystem="2.16.840.1.113883.3.221.5" codeSystemName="SOP" codeSystemVersion="6.0" displayName="POS"/>
                    <ns0:Concept code="79" codeSystem="2.16.840.1.113883.3.221.5" codeSystemName="SOP" codeSystemVersion="6.0" displayName="Other Managed Care"/>
                    <ns0:Concept code="8" codeSystem="2.16.840.1.113883.3.221.5" codeSystemName="SOP" codeSystemVersion="6.0" displayName="NO PAYMENT from an Organization/Agency/Program/Private Payer Listed"/>
                    <ns0:Concept code="81" codeSystem="2.16.840.1.113883.3.221.5" codeSystemName="SOP" codeSystemVersion="6.0" displayName="Self-pay"/>
                    <ns0:Concept code="82" codeSystem="2.16.840.1.113883.3.221.5" codeSystemName="SOP" codeSystemVersion="6.0" displayName="No Charge"/>
                    <ns0:Concept code="821" codeSystem="2.16.840.1.113883.3.221.5" codeSystemName="SOP" codeSystemVersion="6.0" displayName="Charity"/>
                    <ns0:Concept code="822" codeSystem="2.16.840.1.113883.3.221.5" codeSystemName="SOP" codeSystemVersion="6.0" displayName="Professional Courtesy"/>
                    <ns0:Concept code="823" codeSystem="2.16.840.1.113883.3.221.5" codeSystemName="SOP" codeSystemVersion="6.0" displayName="Research/Clinical Trial"/>
                    <ns0:Concept code="83" codeSystem="2.16.840.1.113883.3.221.5" codeSystemName="SOP" codeSystemVersion="6.0" displayName="Refusal to Pay/Bad Debt"/>
                    <ns0:Concept code="84" codeSystem="2.16.840.1.113883.3.221.5" codeSystemName="SOP" codeSystemVersion="6.0" displayName="Hill Burton Free Care"/>
                    <ns0:Concept code="85" codeSystem="2.16.840.1.113883.3.221.5" codeSystemName="SOP" codeSystemVersion="6.0" displayName="Research/Donor"/>
                    <ns0:Concept code="89" codeSystem="2.16.840.1.113883.3.221.5" codeSystemName="SOP" codeSystemVersion="6.0" displayName="No Payment, Other"/>
                    <ns0:Concept code="9" codeSystem="2.16.840.1.113883.3.221.5" codeSystemName="SOP" codeSystemVersion="6.0" displayName="MISCELLANEOUS/OTHER"/>
                    <ns0:Concept code="91" codeSystem="2.16.840.1.113883.3.221.5" codeSystemName="SOP" codeSystemVersion="6.0" displayName="Foreign National"/>
                    <ns0:Concept code="92" codeSystem="2.16.840.1.113883.3.221.5" codeSystemName="SOP" codeSystemVersion="6.0" displayName="Other (Non-government)"/>
                    <ns0:Concept code="93" codeSystem="2.16.840.1.113883.3.221.5" codeSystemName="SOP" codeSystemVersion="6.0" displayName="Disability Insurance"/>
                    <ns0:Concept code="94" codeSystem="2.16.840.1.113883.3.221.5" codeSystemName="SOP" codeSystemVersion="6.0" displayName="Long-term Care Insurance"/>
                    <ns0:Concept code="95" codeSystem="2.16.840.1.113883.3.221.5" codeSystemName="SOP" codeSystemVersion="6.0" displayName="Worker's Compensation"/>
                    <ns0:Concept code="951" codeSystem="2.16.840.1.113883.3.221.5" codeSystemName="SOP" codeSystemVersion="6.0" displayName="Worker's Comp HMO"/>
                    <ns0:Concept code="953" codeSystem="2.16.840.1.113883.3.221.5" codeSystemName="SOP" codeSystemVersion="6.0" displayName="Worker's Comp Fee-for-Service"/>
                    <ns0:Concept code="954" codeSystem="2.16.840.1.113883.3.221.5" codeSystemName="SOP" codeSystemVersion="6.0" displayName="Worker's Comp Other Managed Care"/>
                    <ns0:Concept code="959" codeSystem="2.16.840.1.113883.3.221.5" codeSystemName="SOP" codeSystemVersion="6.0" displayName="Worker's Comp, Other unspecified"/>
                    <ns0:Concept code="96" codeSystem="2.16.840.1.113883.3.221.5" codeSystemName="SOP" codeSystemVersion="6.0" displayName="Auto Insurance (includes no fault)"/>
                    <ns0:Concept code="97" codeSystem="2.16.840.1.113883.3.221.5" codeSystemName="SOP" codeSystemVersion="6.0" displayName="Legal Liability / Liability Insurance"/>
                    <ns0:Concept code="98" codeSystem="2.16.840.1.113883.3.221.5" codeSystemName="SOP" codeSystemVersion="6.0" displayName="Other specified but not otherwise classifiable (includes Hospice - Unspecified plan)"/>
                    <ns0:Concept code="99" codeSystem="2.16.840.1.113883.3.221.5" codeSystemName="SOP" codeSystemVersion="6.0" displayName="No Typology Code available for payment source"/>
                    <ns0:Concept code="9999" codeSystem="2.16.840.1.113883.3.221.5" codeSystemName="SOP" codeSystemVersion="6.0" displayName="Unavailable / No Payer Specified / Blank"/>
                </ns0:ConceptList>
                <ns0:Source>HL7 Terminology</ns0:Source>
                <ns0:Purpose>(Clinical Focus: Categories of types of health care payor entities as defined by the US Public Health Data Consortium SOP code system),(Data Element Scope: @code in CCDA r2.1 template Planned Coverage [act: identifier urn:oid:2.16.840.1.113883.10.20.22.4.129 (open)] DYNAMIC),(Inclusion Criteria: All codes in the code system),(Exclusion Criteria: none)</ns0:Purpose>
                <ns0:Type>Extensional</ns0:Type>
                <ns0:Binding>Dynamic</ns0:Binding>
                <ns0:Status>Active</ns0:Status>
                <ns0:RevisionDate>2016-11-08</ns0:RevisionDate>
            </ns0:DescribedValueSet>
        </ns0:RetrieveMultipleValueSetsResponse>
    http_version: 
  recorded_at: Thu, 22 Jun 2017 14:35:12 GMT
- request:
    method: post
    uri: https://vsac.nlm.nih.gov/vsac/ws/Ticket/TGT-120848-YztvHiJj9EZ7p1gYPoQUl7CI6bjxegHUS4cTT30jbQ1RVVWIVC-cas
    body:
      encoding: US-ASCII
      string: service=http%3A%2F%2Fumlsks.nlm.nih.gov
    headers:
      Accept:
      - "*/*; q=0.5, application/xml"
      Accept-Encoding:
      - gzip, deflate
      Content-Length:
      - '39'
      Content-Type:
      - application/x-www-form-urlencoded
      User-Agent:
      - Ruby
  response:
    status:
      code: 200
      message: ''
    headers:
      X-Frame-Options:
      - SAMEORIGIN
      - SAMEORIGIN
      X-Content-Type-Options:
      - nosniff
      - nosniff
      X-Xss-Protection:
      - 1; mode=block
      Cache-Control:
      - no-cache, no-store, max-age=0, must-revalidate
      Pragma:
      - no-cache
      Expires:
      - '0'
      Content-Type:
      - text/plain;charset=utf-8
      Content-Length:
      - '34'
      Date:
      - Thu, 22 Jun 2017 14:34:15 GMT
      Set-Cookie:
      - BIGipServervsacweb_p=!vuudaNmtF39mQP3LMWjf8K3rTDmEEjtHCWkvAD/5M7Rmuy3P7wExtl+7+2sM4sJZuhTVkoXuY4pJyJ8=;
        expires=Thu, 22-Jun-2017 16:34:15 GMT; path=/; Httponly; Secure
      X-Vip-Info:
      - 130.14.16.40:443
      X-Pool-Info:
      - "/Common/vsacweb_p 10.1.5.114 8080"
      Strict-Transport-Security:
      - max-age=31536000; includeSubDomains; preload
    body:
      encoding: UTF-8
      string: ST-446001-dqV9Ydz4lUDXt0clDFUW-cas
    http_version: 
  recorded_at: Thu, 22 Jun 2017 14:35:13 GMT
- request:
    method: get
    uri: https://vsac.nlm.nih.gov/vsac/svs/RetrieveMultipleValueSets?id=2.16.840.1.113883.3.464.1003.108.12.1018&ticket=ST-446001-dqV9Ydz4lUDXt0clDFUW-cas
    body:
      encoding: US-ASCII
      string: ''
    headers:
      Accept:
      - "*/*; q=0.5, application/xml"
      Accept-Encoding:
      - gzip, deflate
      User-Agent:
      - Ruby
  response:
    status:
      code: 200
      message: ''
    headers:
      X-Frame-Options:
      - SAMEORIGIN
      - SAMEORIGIN
      X-Content-Type-Options:
      - nosniff
      - nosniff
      X-Xss-Protection:
      - 1; mode=block
      Set-Cookie:
      - BIGipServervsacweb_p=!+UpWhhdIi+EQDznLMWjf8K3rTDmEEnbtQ9ljJcPeEFw+IP/sNRCwdZOTJXYsGz+idsbGb1Q1gTCjT9o=;
        expires=Thu, 22-Jun-2017 16:34:15 GMT; path=/; Httponly; Secure
      - JSESSIONID=D634CC18E769EEC5A3562C8E8796A921;path=/vsac;HttpOnly;Secure
      Cache-Control:
      - no-cache, no-store, max-age=0, must-revalidate
      Pragma:
      - no-cache
      Expires:
      - '0'
      Content-Type:
      - text/xml;charset=utf-8
      Content-Length:
      - '16458'
      Date:
      - Thu, 22 Jun 2017 14:34:15 GMT
      X-Vip-Info:
      - 130.14.16.40:443
      X-Pool-Info:
      - "/Common/vsacweb_p 10.1.5.114 8080"
      Strict-Transport-Security:
      - max-age=31536000; includeSubDomains; preload
    body:
      encoding: UTF-8
      string: |
        <?xml version="1.0" encoding="UTF-8" standalone="yes"?>
        <ns0:RetrieveMultipleValueSetsResponse xmlns:ns0="urn:ihe:iti:svs:2008" xmlns:xsi="http://www.w3.org/2001/XMLSchema-instance">
            <ns0:DescribedValueSet ID="2.16.840.1.113883.3.464.1003.108.12.1018" displayName="Mammography" version="20170504">
                <ns0:ConceptList>
                    <ns0:Concept code="24604-1" codeSystem="2.16.840.1.113883.6.1" codeSystemName="LOINC" codeSystemVersion="2.58" displayName="Breast Mammogram diagnostic limited"/>
                    <ns0:Concept code="24605-8" codeSystem="2.16.840.1.113883.6.1" codeSystemName="LOINC" codeSystemVersion="2.58" displayName="Breast Mammogram diagnostic"/>
                    <ns0:Concept code="24606-6" codeSystem="2.16.840.1.113883.6.1" codeSystemName="LOINC" codeSystemVersion="2.58" displayName="Breast Mammogram screening"/>
                    <ns0:Concept code="24610-8" codeSystem="2.16.840.1.113883.6.1" codeSystemName="LOINC" codeSystemVersion="2.58" displayName="Breast Mammogram limited"/>
                    <ns0:Concept code="26175-0" codeSystem="2.16.840.1.113883.6.1" codeSystemName="LOINC" codeSystemVersion="2.58" displayName="Breast - bilateral Mammogram screening"/>
                    <ns0:Concept code="26176-8" codeSystem="2.16.840.1.113883.6.1" codeSystemName="LOINC" codeSystemVersion="2.58" displayName="Breast - left Mammogram screening"/>
                    <ns0:Concept code="26177-6" codeSystem="2.16.840.1.113883.6.1" codeSystemName="LOINC" codeSystemVersion="2.58" displayName="Breast - right Mammogram screening"/>
                    <ns0:Concept code="26287-3" codeSystem="2.16.840.1.113883.6.1" codeSystemName="LOINC" codeSystemVersion="2.58" displayName="Breast - bilateral Mammogram limited"/>
                    <ns0:Concept code="26289-9" codeSystem="2.16.840.1.113883.6.1" codeSystemName="LOINC" codeSystemVersion="2.58" displayName="Breast - left Mammogram limited"/>
                    <ns0:Concept code="26291-5" codeSystem="2.16.840.1.113883.6.1" codeSystemName="LOINC" codeSystemVersion="2.58" displayName="Breast - right Mammogram limited"/>
                    <ns0:Concept code="26346-7" codeSystem="2.16.840.1.113883.6.1" codeSystemName="LOINC" codeSystemVersion="2.58" displayName="Breast - bilateral Mammogram diagnostic"/>
                    <ns0:Concept code="26347-5" codeSystem="2.16.840.1.113883.6.1" codeSystemName="LOINC" codeSystemVersion="2.58" displayName="Breast - left Mammogram diagnostic"/>
                    <ns0:Concept code="26348-3" codeSystem="2.16.840.1.113883.6.1" codeSystemName="LOINC" codeSystemVersion="2.58" displayName="Breast - right Mammogram diagnostic"/>
                    <ns0:Concept code="26349-1" codeSystem="2.16.840.1.113883.6.1" codeSystemName="LOINC" codeSystemVersion="2.58" displayName="Breast - bilateral Mammogram diagnostic limited"/>
                    <ns0:Concept code="26350-9" codeSystem="2.16.840.1.113883.6.1" codeSystemName="LOINC" codeSystemVersion="2.58" displayName="Breast - left Mammogram diagnostic limited"/>
                    <ns0:Concept code="26351-7" codeSystem="2.16.840.1.113883.6.1" codeSystemName="LOINC" codeSystemVersion="2.58" displayName="Breast - right Mammogram diagnostic limited"/>
                    <ns0:Concept code="36319-2" codeSystem="2.16.840.1.113883.6.1" codeSystemName="LOINC" codeSystemVersion="2.58" displayName="Breast Mammogram 4 views"/>
                    <ns0:Concept code="36625-2" codeSystem="2.16.840.1.113883.6.1" codeSystemName="LOINC" codeSystemVersion="2.58" displayName="Breast Mammogram"/>
                    <ns0:Concept code="36626-0" codeSystem="2.16.840.1.113883.6.1" codeSystemName="LOINC" codeSystemVersion="2.58" displayName="Breast - bilateral Mammogram"/>
                    <ns0:Concept code="36627-8" codeSystem="2.16.840.1.113883.6.1" codeSystemName="LOINC" codeSystemVersion="2.58" displayName="Breast - left Mammogram"/>
                    <ns0:Concept code="36642-7" codeSystem="2.16.840.1.113883.6.1" codeSystemName="LOINC" codeSystemVersion="2.58" displayName="Breast - left Mammogram 2 views"/>
                    <ns0:Concept code="36962-9" codeSystem="2.16.840.1.113883.6.1" codeSystemName="LOINC" codeSystemVersion="2.58" displayName="Breast Mammogram axillary"/>
                    <ns0:Concept code="37005-6" codeSystem="2.16.840.1.113883.6.1" codeSystemName="LOINC" codeSystemVersion="2.58" displayName="Breast - left Mammogram magnification"/>
                    <ns0:Concept code="37006-4" codeSystem="2.16.840.1.113883.6.1" codeSystemName="LOINC" codeSystemVersion="2.58" displayName="Breast - bilateral Mammogram MLO"/>
                    <ns0:Concept code="37016-3" codeSystem="2.16.840.1.113883.6.1" codeSystemName="LOINC" codeSystemVersion="2.58" displayName="Breast - bilateral Mammogram roll"/>
                    <ns0:Concept code="37017-1" codeSystem="2.16.840.1.113883.6.1" codeSystemName="LOINC" codeSystemVersion="2.58" displayName="Breast - left Mammogram roll"/>
                    <ns0:Concept code="37028-8" codeSystem="2.16.840.1.113883.6.1" codeSystemName="LOINC" codeSystemVersion="2.58" displayName="Breast Mammogram tangential"/>
                    <ns0:Concept code="37029-6" codeSystem="2.16.840.1.113883.6.1" codeSystemName="LOINC" codeSystemVersion="2.58" displayName="Breast - bilateral Mammogram tangential"/>
                    <ns0:Concept code="37030-4" codeSystem="2.16.840.1.113883.6.1" codeSystemName="LOINC" codeSystemVersion="2.58" displayName="Breast - left Mammogram tangential"/>
                    <ns0:Concept code="37037-9" codeSystem="2.16.840.1.113883.6.1" codeSystemName="LOINC" codeSystemVersion="2.58" displayName="Breast Mammogram true lateral"/>
                    <ns0:Concept code="37038-7" codeSystem="2.16.840.1.113883.6.1" codeSystemName="LOINC" codeSystemVersion="2.58" displayName="Breast - bilateral Mammogram true lateral"/>
                    <ns0:Concept code="37052-8" codeSystem="2.16.840.1.113883.6.1" codeSystemName="LOINC" codeSystemVersion="2.58" displayName="Breast - bilateral Mammogram XCCL"/>
                    <ns0:Concept code="37053-6" codeSystem="2.16.840.1.113883.6.1" codeSystemName="LOINC" codeSystemVersion="2.58" displayName="Breast - left Mammogram XCCL"/>
                    <ns0:Concept code="37539-4" codeSystem="2.16.840.1.113883.6.1" codeSystemName="LOINC" codeSystemVersion="2.58" displayName="Breast Mammogram grid"/>
                    <ns0:Concept code="37542-8" codeSystem="2.16.840.1.113883.6.1" codeSystemName="LOINC" codeSystemVersion="2.58" displayName="Breast Mammogram magnification"/>
                    <ns0:Concept code="37543-6" codeSystem="2.16.840.1.113883.6.1" codeSystemName="LOINC" codeSystemVersion="2.58" displayName="Breast - bilateral Mammogram magnification"/>
                    <ns0:Concept code="37551-9" codeSystem="2.16.840.1.113883.6.1" codeSystemName="LOINC" codeSystemVersion="2.58" displayName="Breast Mammogram spot"/>
                    <ns0:Concept code="37552-7" codeSystem="2.16.840.1.113883.6.1" codeSystemName="LOINC" codeSystemVersion="2.58" displayName="Breast - bilateral Mammogram spot"/>
                    <ns0:Concept code="37553-5" codeSystem="2.16.840.1.113883.6.1" codeSystemName="LOINC" codeSystemVersion="2.58" displayName="Breast - left Mammogram spot compression"/>
                    <ns0:Concept code="37554-3" codeSystem="2.16.840.1.113883.6.1" codeSystemName="LOINC" codeSystemVersion="2.58" displayName="Breast - bilateral Mammogram magnification and spot"/>
                    <ns0:Concept code="37768-9" codeSystem="2.16.840.1.113883.6.1" codeSystemName="LOINC" codeSystemVersion="2.58" displayName="Breast - right Mammogram 2 views"/>
                    <ns0:Concept code="37769-7" codeSystem="2.16.840.1.113883.6.1" codeSystemName="LOINC" codeSystemVersion="2.58" displayName="Breast - right Mammogram magnification and spot"/>
                    <ns0:Concept code="37770-5" codeSystem="2.16.840.1.113883.6.1" codeSystemName="LOINC" codeSystemVersion="2.58" displayName="Breast - right Mammogram tangential"/>
                    <ns0:Concept code="37771-3" codeSystem="2.16.840.1.113883.6.1" codeSystemName="LOINC" codeSystemVersion="2.58" displayName="Breast - right Mammogram true lateral"/>
                    <ns0:Concept code="37772-1" codeSystem="2.16.840.1.113883.6.1" codeSystemName="LOINC" codeSystemVersion="2.58" displayName="Breast - right Mammogram XCCL"/>
                    <ns0:Concept code="37773-9" codeSystem="2.16.840.1.113883.6.1" codeSystemName="LOINC" codeSystemVersion="2.58" displayName="Breast - right Mammogram magnification"/>
                    <ns0:Concept code="37774-7" codeSystem="2.16.840.1.113883.6.1" codeSystemName="LOINC" codeSystemVersion="2.58" displayName="Breast - right Mammogram"/>
                    <ns0:Concept code="37775-4" codeSystem="2.16.840.1.113883.6.1" codeSystemName="LOINC" codeSystemVersion="2.58" displayName="Breast - right Mammogram roll"/>
                    <ns0:Concept code="38067-5" codeSystem="2.16.840.1.113883.6.1" codeSystemName="LOINC" codeSystemVersion="2.58" displayName="Breast - bilateral Mammogram nipple profile"/>
                    <ns0:Concept code="38070-9" codeSystem="2.16.840.1.113883.6.1" codeSystemName="LOINC" codeSystemVersion="2.58" displayName="Breast Mammogram for implant"/>
                    <ns0:Concept code="38071-7" codeSystem="2.16.840.1.113883.6.1" codeSystemName="LOINC" codeSystemVersion="2.58" displayName="Breast - bilateral Mammogram for implant"/>
                    <ns0:Concept code="38072-5" codeSystem="2.16.840.1.113883.6.1" codeSystemName="LOINC" codeSystemVersion="2.58" displayName="Breast - left Mammogram for implant"/>
                    <ns0:Concept code="38090-7" codeSystem="2.16.840.1.113883.6.1" codeSystemName="LOINC" codeSystemVersion="2.58" displayName="Breast - bilateral Mammogram W air"/>
                    <ns0:Concept code="38091-5" codeSystem="2.16.840.1.113883.6.1" codeSystemName="LOINC" codeSystemVersion="2.58" displayName="Breast - left Mammogram W air"/>
                    <ns0:Concept code="38807-4" codeSystem="2.16.840.1.113883.6.1" codeSystemName="LOINC" codeSystemVersion="2.58" displayName="Breast - right Mammogram spot"/>
                    <ns0:Concept code="38820-7" codeSystem="2.16.840.1.113883.6.1" codeSystemName="LOINC" codeSystemVersion="2.58" displayName="Breast - right Mammogram for implant"/>
                    <ns0:Concept code="38854-6" codeSystem="2.16.840.1.113883.6.1" codeSystemName="LOINC" codeSystemVersion="2.58" displayName="Breast - left Mammogram magnification and spot"/>
                    <ns0:Concept code="38855-3" codeSystem="2.16.840.1.113883.6.1" codeSystemName="LOINC" codeSystemVersion="2.58" displayName="Breast - left Mammogram true lateral"/>
                    <ns0:Concept code="39150-8" codeSystem="2.16.840.1.113883.6.1" codeSystemName="LOINC" codeSystemVersion="2.58" displayName="Breast FFD mammogram Post Localization"/>
                    <ns0:Concept code="39152-4" codeSystem="2.16.840.1.113883.6.1" codeSystemName="LOINC" codeSystemVersion="2.58" displayName="Breast FFD mammogram diagnostic"/>
                    <ns0:Concept code="39153-2" codeSystem="2.16.840.1.113883.6.1" codeSystemName="LOINC" codeSystemVersion="2.58" displayName="Breast FFD mammogram screening"/>
                    <ns0:Concept code="39154-0" codeSystem="2.16.840.1.113883.6.1" codeSystemName="LOINC" codeSystemVersion="2.58" displayName="Breast - bilateral FFD mammogram diagnostic"/>
                    <ns0:Concept code="42168-5" codeSystem="2.16.840.1.113883.6.1" codeSystemName="LOINC" codeSystemVersion="2.58" displayName="Breast - right FFD mammogram diagnostic"/>
                    <ns0:Concept code="42169-3" codeSystem="2.16.840.1.113883.6.1" codeSystemName="LOINC" codeSystemVersion="2.58" displayName="Breast - left FFD mammogram diagnostic"/>
                    <ns0:Concept code="42174-3" codeSystem="2.16.840.1.113883.6.1" codeSystemName="LOINC" codeSystemVersion="2.58" displayName="Breast - bilateral FFD mammogram screening"/>
                    <ns0:Concept code="42415-0" codeSystem="2.16.840.1.113883.6.1" codeSystemName="LOINC" codeSystemVersion="2.58" displayName="Breast - bilateral Mammogram Post Wire Placement"/>
                    <ns0:Concept code="42416-8" codeSystem="2.16.840.1.113883.6.1" codeSystemName="LOINC" codeSystemVersion="2.58" displayName="Breast - left Mammogram Post Wire Placement"/>
                    <ns0:Concept code="46335-6" codeSystem="2.16.840.1.113883.6.1" codeSystemName="LOINC" codeSystemVersion="2.58" displayName="Breast - bilateral Mammogram Single view"/>
                    <ns0:Concept code="46336-4" codeSystem="2.16.840.1.113883.6.1" codeSystemName="LOINC" codeSystemVersion="2.58" displayName="Breast - left Mammogram Single view"/>
                    <ns0:Concept code="46337-2" codeSystem="2.16.840.1.113883.6.1" codeSystemName="LOINC" codeSystemVersion="2.58" displayName="Breast - right Mammogram Single view"/>
                    <ns0:Concept code="46338-0" codeSystem="2.16.840.1.113883.6.1" codeSystemName="LOINC" codeSystemVersion="2.58" displayName="Breast - unilateral Mammogram Single view"/>
                    <ns0:Concept code="46339-8" codeSystem="2.16.840.1.113883.6.1" codeSystemName="LOINC" codeSystemVersion="2.58" displayName="Breast - unilateral Mammogram"/>
                    <ns0:Concept code="46342-2" codeSystem="2.16.840.1.113883.6.1" codeSystemName="LOINC" codeSystemVersion="2.58" displayName="Breast FFD mammogram"/>
                    <ns0:Concept code="46350-5" codeSystem="2.16.840.1.113883.6.1" codeSystemName="LOINC" codeSystemVersion="2.58" displayName="Breast - unilateral Mammogram diagnostic"/>
                    <ns0:Concept code="46351-3" codeSystem="2.16.840.1.113883.6.1" codeSystemName="LOINC" codeSystemVersion="2.58" displayName="Breast - bilateral Mammogram displacement for implant"/>
                    <ns0:Concept code="46354-7" codeSystem="2.16.840.1.113883.6.1" codeSystemName="LOINC" codeSystemVersion="2.58" displayName="Breast - right FFD mammogram screening"/>
                    <ns0:Concept code="46355-4" codeSystem="2.16.840.1.113883.6.1" codeSystemName="LOINC" codeSystemVersion="2.58" displayName="Breast - left FFD mammogram screening"/>
                    <ns0:Concept code="46356-2" codeSystem="2.16.840.1.113883.6.1" codeSystemName="LOINC" codeSystemVersion="2.58" displayName="Breast - unilateral Mammogram screening"/>
                    <ns0:Concept code="46380-2" codeSystem="2.16.840.1.113883.6.1" codeSystemName="LOINC" codeSystemVersion="2.58" displayName="Breast - unilateral Mammogram for implant"/>
                    <ns0:Concept code="48475-8" codeSystem="2.16.840.1.113883.6.1" codeSystemName="LOINC" codeSystemVersion="2.58" displayName="Breast - bilateral Mammogram diagnostic for implant"/>
                    <ns0:Concept code="48492-3" codeSystem="2.16.840.1.113883.6.1" codeSystemName="LOINC" codeSystemVersion="2.58" displayName="Breast - bilateral Mammogram screening for implant"/>
                    <ns0:Concept code="69150-1" codeSystem="2.16.840.1.113883.6.1" codeSystemName="LOINC" codeSystemVersion="2.58" displayName="Breast - left Mammogram diagnostic for implant"/>
                    <ns0:Concept code="69251-7" codeSystem="2.16.840.1.113883.6.1" codeSystemName="LOINC" codeSystemVersion="2.58" displayName="Breast Mammogram Post Wire Placement"/>
                    <ns0:Concept code="69259-0" codeSystem="2.16.840.1.113883.6.1" codeSystemName="LOINC" codeSystemVersion="2.58" displayName="Breast - right Mammogram diagnostic for implant"/>
                    <ns0:Concept code="G0202" codeSystem="2.16.840.1.113883.6.285" codeSystemName="HCPCS" codeSystemVersion="2017" displayName="Screening mammography, bilateral (2-view study of each breast), including computer-aided detection (cad) when performed"/>
                    <ns0:Concept code="G0204" codeSystem="2.16.840.1.113883.6.285" codeSystemName="HCPCS" codeSystemVersion="2017" displayName="Diagnostic mammography, including computer-aided detection (cad) when performed; bilateral"/>
                    <ns0:Concept code="G0206" codeSystem="2.16.840.1.113883.6.285" codeSystemName="HCPCS" codeSystemVersion="2017" displayName="Diagnostic mammography, including computer-aided detection (cad) when performed; unilateral"/>
                </ns0:ConceptList>
                <ns0:Source>National Committee for Quality Assurance</ns0:Source>
                <ns0:Purpose>(Clinical Focus: Under Development),(Data Element Scope: Under Development),(Inclusion Criteria: Under Development),(Exclusion Criteria: Under Development)</ns0:Purpose>
                <ns0:Definition>(2.16.840.1.113883.3.464.1003.108.11.1046:Mammography),(2.16.840.1.113883.3.464.1003.108.11.1047:Mammography)</ns0:Definition>
                <ns0:Type>Grouping</ns0:Type>
                <ns0:Binding>Dynamic</ns0:Binding>
                <ns0:Status>Active</ns0:Status>
                <ns0:RevisionDate>2017-05-04</ns0:RevisionDate>
            </ns0:DescribedValueSet>
        </ns0:RetrieveMultipleValueSetsResponse>
    http_version: 
  recorded_at: Thu, 22 Jun 2017 14:35:13 GMT
- request:
    method: post
    uri: https://vsac.nlm.nih.gov/vsac/ws/Ticket/TGT-120848-YztvHiJj9EZ7p1gYPoQUl7CI6bjxegHUS4cTT30jbQ1RVVWIVC-cas
    body:
      encoding: US-ASCII
      string: service=http%3A%2F%2Fumlsks.nlm.nih.gov
    headers:
      Accept:
      - "*/*; q=0.5, application/xml"
      Accept-Encoding:
      - gzip, deflate
      Content-Length:
      - '39'
      Content-Type:
      - application/x-www-form-urlencoded
      User-Agent:
      - Ruby
  response:
    status:
      code: 200
      message: ''
    headers:
      X-Frame-Options:
      - SAMEORIGIN
      - SAMEORIGIN
      X-Content-Type-Options:
      - nosniff
      - nosniff
      X-Xss-Protection:
      - 1; mode=block
      Cache-Control:
      - no-cache, no-store, max-age=0, must-revalidate
      Pragma:
      - no-cache
      Expires:
      - '0'
      Content-Type:
      - text/plain;charset=utf-8
      Content-Length:
      - '34'
      Date:
      - Thu, 22 Jun 2017 14:34:15 GMT
      Set-Cookie:
      - BIGipServervsacweb_p=!rAyKoyaff5pp487LMWjf8K3rTDmEEm03YViDFvVHliOv7AnOUXQ2eYXr8O6F0R+xsrJD9qijVbNnQEM=;
        expires=Thu, 22-Jun-2017 16:34:15 GMT; path=/; Httponly; Secure
      X-Vip-Info:
      - 130.14.16.40:443
      X-Pool-Info:
      - "/Common/vsacweb_p 10.1.5.114 8080"
      Strict-Transport-Security:
      - max-age=31536000; includeSubDomains; preload
    body:
      encoding: UTF-8
      string: ST-446006-Z7teQiWjw77FEvtUhnO7-cas
    http_version: 
  recorded_at: Thu, 22 Jun 2017 14:35:13 GMT
- request:
    method: get
    uri: https://vsac.nlm.nih.gov/vsac/svs/RetrieveMultipleValueSets?id=2.16.840.1.113883.3.464.1003.101.12.1048&ticket=ST-446006-Z7teQiWjw77FEvtUhnO7-cas
    body:
      encoding: US-ASCII
      string: ''
    headers:
      Accept:
      - "*/*; q=0.5, application/xml"
      Accept-Encoding:
      - gzip, deflate
      User-Agent:
      - Ruby
  response:
    status:
      code: 200
      message: ''
    headers:
      X-Frame-Options:
      - SAMEORIGIN
      - SAMEORIGIN
      X-Content-Type-Options:
      - nosniff
      - nosniff
      X-Xss-Protection:
      - 1; mode=block
      Set-Cookie:
      - BIGipServervsacweb_p=!G4c9nav+gcKf5aXLMWjf8K3rTDmEEtCe4YxD5znMo9y2msO9Npg+R1V591XWSLs8x8TNV+qeXq9xJ9c=;
        expires=Thu, 22-Jun-2017 16:34:15 GMT; path=/; Httponly; Secure
      - JSESSIONID=3189EC4A58E2326F8895676903DAADB2;path=/vsac;HttpOnly;Secure
      Cache-Control:
      - no-cache, no-store, max-age=0, must-revalidate
      Pragma:
      - no-cache
      Expires:
      - '0'
      Content-Type:
      - text/xml;charset=utf-8
      Content-Length:
      - '4199'
      Date:
      - Thu, 22 Jun 2017 14:34:15 GMT
      X-Vip-Info:
      - 130.14.16.40:443
      X-Pool-Info:
      - "/Common/vsacweb_p 10.1.5.114 8080"
      Strict-Transport-Security:
      - max-age=31536000; includeSubDomains; preload
    body:
      encoding: UTF-8
      string: |
        <?xml version="1.0" encoding="UTF-8" standalone="yes"?>
        <ns0:RetrieveMultipleValueSetsResponse xmlns:ns0="urn:ihe:iti:svs:2008" xmlns:xsi="http://www.w3.org/2001/XMLSchema-instance">
            <ns0:DescribedValueSet ID="2.16.840.1.113883.3.464.1003.101.12.1048" displayName="Face-to-Face Interaction" version="20170504">
                <ns0:ConceptList>
                    <ns0:Concept code="12843005" codeSystem="2.16.840.1.113883.6.96" codeSystemName="SNOMEDCT" codeSystemVersion="2017-03" displayName="Subsequent hospital visit by physician (procedure)"/>
                    <ns0:Concept code="18170008" codeSystem="2.16.840.1.113883.6.96" codeSystemName="SNOMEDCT" codeSystemVersion="2017-03" displayName="Subsequent nursing facility visit (procedure)"/>
                    <ns0:Concept code="185349003" codeSystem="2.16.840.1.113883.6.96" codeSystemName="SNOMEDCT" codeSystemVersion="2017-03" displayName="Encounter for check up (procedure)"/>
                    <ns0:Concept code="185463005" codeSystem="2.16.840.1.113883.6.96" codeSystemName="SNOMEDCT" codeSystemVersion="2017-03" displayName="Visit out of hours (procedure)"/>
                    <ns0:Concept code="185465003" codeSystem="2.16.840.1.113883.6.96" codeSystemName="SNOMEDCT" codeSystemVersion="2017-03" displayName="Weekend visit (procedure)"/>
                    <ns0:Concept code="19681004" codeSystem="2.16.840.1.113883.6.96" codeSystemName="SNOMEDCT" codeSystemVersion="2017-03" displayName="Nursing evaluation of patient and report (procedure)"/>
                    <ns0:Concept code="207195004" codeSystem="2.16.840.1.113883.6.96" codeSystemName="SNOMEDCT" codeSystemVersion="2017-03" displayName="History and physical examination with evaluation and management of nursing facility patient (procedure)"/>
                    <ns0:Concept code="270427003" codeSystem="2.16.840.1.113883.6.96" codeSystemName="SNOMEDCT" codeSystemVersion="2017-03" displayName="Patient-initiated encounter (procedure)"/>
                    <ns0:Concept code="270430005" codeSystem="2.16.840.1.113883.6.96" codeSystemName="SNOMEDCT" codeSystemVersion="2017-03" displayName="Provider-initiated encounter (procedure)"/>
                    <ns0:Concept code="308335008" codeSystem="2.16.840.1.113883.6.96" codeSystemName="SNOMEDCT" codeSystemVersion="2017-03" displayName="Patient encounter procedure (procedure)"/>
                    <ns0:Concept code="390906007" codeSystem="2.16.840.1.113883.6.96" codeSystemName="SNOMEDCT" codeSystemVersion="2017-03" displayName="Follow-up encounter (procedure)"/>
                    <ns0:Concept code="406547006" codeSystem="2.16.840.1.113883.6.96" codeSystemName="SNOMEDCT" codeSystemVersion="2017-03" displayName="Urgent follow-up (procedure)"/>
                    <ns0:Concept code="439708006" codeSystem="2.16.840.1.113883.6.96" codeSystemName="SNOMEDCT" codeSystemVersion="2017-03" displayName="Home visit (procedure)"/>
                    <ns0:Concept code="87790002" codeSystem="2.16.840.1.113883.6.96" codeSystemName="SNOMEDCT" codeSystemVersion="2017-03" displayName="Follow-up inpatient consultation visit (procedure)"/>
                    <ns0:Concept code="90526000" codeSystem="2.16.840.1.113883.6.96" codeSystemName="SNOMEDCT" codeSystemVersion="2017-03" displayName="Initial evaluation and management of healthy individual (procedure)"/>
                </ns0:ConceptList>
                <ns0:Source>National Committee for Quality Assurance</ns0:Source>
                <ns0:Purpose>(Clinical Focus: This value set indentifies patients who have had a face-to-face interaction with a member of their medical care team.),(Data Element Scope: This value set was intended to map to the QDM data type of encounter.),(Inclusion Criteria: Includes both initial and follow up visits. Includes home visits, inpatient and outpatient visits, and nursing facility visits.),(Exclusion Criteria: Excludes visits that are not performed in-person, including telehealth services.)</ns0:Purpose>
                <ns0:Definition>(2.16.840.1.113883.3.464.1003.101.11.1216:Face-to-Face Interaction)</ns0:Definition>
                <ns0:Type>Grouping</ns0:Type>
                <ns0:Binding>Dynamic</ns0:Binding>
                <ns0:Status>Active</ns0:Status>
                <ns0:RevisionDate>2017-05-04</ns0:RevisionDate>
            </ns0:DescribedValueSet>
        </ns0:RetrieveMultipleValueSetsResponse>
    http_version: 
  recorded_at: Thu, 22 Jun 2017 14:35:13 GMT
- request:
    method: post
    uri: https://vsac.nlm.nih.gov/vsac/ws/Ticket/TGT-120848-YztvHiJj9EZ7p1gYPoQUl7CI6bjxegHUS4cTT30jbQ1RVVWIVC-cas
    body:
      encoding: US-ASCII
      string: service=http%3A%2F%2Fumlsks.nlm.nih.gov
    headers:
      Accept:
      - "*/*; q=0.5, application/xml"
      Accept-Encoding:
      - gzip, deflate
      Content-Length:
      - '39'
      Content-Type:
      - application/x-www-form-urlencoded
      User-Agent:
      - Ruby
  response:
    status:
      code: 200
      message: ''
    headers:
      X-Frame-Options:
      - SAMEORIGIN
      - SAMEORIGIN
      X-Content-Type-Options:
      - nosniff
      - nosniff
      X-Xss-Protection:
      - 1; mode=block
      Cache-Control:
      - no-cache, no-store, max-age=0, must-revalidate
      Pragma:
      - no-cache
      Expires:
      - '0'
      Content-Type:
      - text/plain;charset=utf-8
      Content-Length:
      - '34'
      Date:
      - Thu, 22 Jun 2017 14:34:15 GMT
      Set-Cookie:
      - BIGipServervsacweb_p=!t+Em1bflDow0xCLLMWjf8K3rTDmEEh4KmarguKff7qamlNmqKGhw24KdWl4A3Pm6kGj6Li+D4KLJW1M=;
        expires=Thu, 22-Jun-2017 16:34:16 GMT; path=/; Httponly; Secure
      X-Vip-Info:
      - 130.14.16.40:443
      X-Pool-Info:
      - "/Common/vsacweb_p 10.1.5.114 8080"
      Strict-Transport-Security:
      - max-age=31536000; includeSubDomains; preload
    body:
      encoding: UTF-8
      string: ST-446009-jDrjLNflf0vFa2CDdfCW-cas
    http_version: 
  recorded_at: Thu, 22 Jun 2017 14:35:13 GMT
- request:
    method: get
    uri: https://vsac.nlm.nih.gov/vsac/svs/RetrieveMultipleValueSets?id=2.16.840.1.113883.3.464.1003.101.12.1016&ticket=ST-446009-jDrjLNflf0vFa2CDdfCW-cas
    body:
      encoding: US-ASCII
      string: ''
    headers:
      Accept:
      - "*/*; q=0.5, application/xml"
      Accept-Encoding:
      - gzip, deflate
      User-Agent:
      - Ruby
  response:
    status:
      code: 200
      message: ''
    headers:
      X-Frame-Options:
      - SAMEORIGIN
      - SAMEORIGIN
      X-Content-Type-Options:
      - nosniff
      - nosniff
      X-Xss-Protection:
      - 1; mode=block
      Set-Cookie:
      - BIGipServervsacweb_p=!LWfYLC61kvIB/PnLMWjf8K3rTDmEEreFax07GAFEVdKlL0V+/+qPIIf460SBcvmdDZZxQI5caFj/G1Q=;
        expires=Thu, 22-Jun-2017 16:34:16 GMT; path=/; Httponly; Secure
      - JSESSIONID=E726A6040EE4B0E73CE436C425C5BAB5;path=/vsac;HttpOnly;Secure
      Cache-Control:
      - no-cache, no-store, max-age=0, must-revalidate
      Pragma:
      - no-cache
      Expires:
      - '0'
      Content-Type:
      - text/xml;charset=utf-8
      Content-Length:
      - '7831'
      Date:
      - Thu, 22 Jun 2017 14:34:16 GMT
      X-Vip-Info:
      - 130.14.16.40:443
      X-Pool-Info:
      - "/Common/vsacweb_p 10.1.5.114 8080"
      Strict-Transport-Security:
      - max-age=31536000; includeSubDomains; preload
    body:
      encoding: UTF-8
      string: |
        <?xml version="1.0" encoding="UTF-8" standalone="yes"?>
        <ns0:RetrieveMultipleValueSetsResponse xmlns:ns0="urn:ihe:iti:svs:2008" xmlns:xsi="http://www.w3.org/2001/XMLSchema-instance">
            <ns0:DescribedValueSet ID="2.16.840.1.113883.3.464.1003.101.12.1016" displayName="Home Healthcare Services" version="20170504">
                <ns0:ConceptList>
                    <ns0:Concept code="99341" codeSystem="2.16.840.1.113883.6.12" codeSystemName="CPT" codeSystemVersion="2017" displayName="Home visit for the evaluation and management of a new patient, which requires these 3 key components: A problem focused history; A problem focused examination; and Straightforward medical decision making. Counseling and/or coordination of care with other physicians, other qualified health care professionals, or agencies are provided consistent with the nature of the problem(s) and the patient's and/or family's needs. Usually, the presenting problem(s) are of low severity. Typically, 20 minutes are spent face-to-face with the patient and/or family."/>
                    <ns0:Concept code="99342" codeSystem="2.16.840.1.113883.6.12" codeSystemName="CPT" codeSystemVersion="2017" displayName="Home visit for the evaluation and management of a new patient, which requires these 3 key components: An expanded problem focused history; An expanded problem focused examination; and Medical decision making of low complexity. Counseling and/or coordination of care with other physicians, other qualified health care professionals, or agencies are provided consistent with the nature of the problem(s) and the patient's and/or family's needs. Usually, the presenting problem(s) are of moderate severity. Typically, 30 minutes are spent face-to-face with the patient and/or family."/>
                    <ns0:Concept code="99343" codeSystem="2.16.840.1.113883.6.12" codeSystemName="CPT" codeSystemVersion="2017" displayName="Home visit for the evaluation and management of a new patient, which requires these 3 key components: A detailed history; A detailed examination; and Medical decision making of moderate complexity. Counseling and/or coordination of care with other physicians, other qualified health care professionals, or agencies are provided consistent with the nature of the problem(s) and the patient's and/or family's needs. Usually, the presenting problem(s) are of moderate to high severity. Typically, 45 minutes are spent face-to-face with the patient and/or family."/>
                    <ns0:Concept code="99344" codeSystem="2.16.840.1.113883.6.12" codeSystemName="CPT" codeSystemVersion="2017" displayName="Home visit for the evaluation and management of a new patient, which requires these 3 key components: A comprehensive history; A comprehensive examination; and Medical decision making of moderate complexity. Counseling and/or coordination of care with other physicians, other qualified health care professionals, or agencies are provided consistent with the nature of the problem(s) and the patient's and/or family's needs. Usually, the presenting problem(s) are of high severity. Typically, 60 minutes are spent face-to-face with the patient and/or family."/>
                    <ns0:Concept code="99345" codeSystem="2.16.840.1.113883.6.12" codeSystemName="CPT" codeSystemVersion="2017" displayName="Home visit for the evaluation and management of a new patient, which requires these 3 key components: A comprehensive history; A comprehensive examination; and Medical decision making of high complexity. Counseling and/or coordination of care with other physicians, other qualified health care professionals, or agencies are provided consistent with the nature of the problem(s) and the patient's and/or family's needs. Usually, the patient is unstable or has developed a significant new problem requiring immediate physician attention. Typically, 75 minutes are spent face-to-face with the patient and/or family."/>
                    <ns0:Concept code="99347" codeSystem="2.16.840.1.113883.6.12" codeSystemName="CPT" codeSystemVersion="2017" displayName="Home visit for the evaluation and management of an established patient, which requires at least 2 of these 3 key components: A problem focused interval history; A problem focused examination; Straightforward medical decision making. Counseling and/or coordination of care with other physicians, other qualified health care professionals, or agencies are provided consistent with the nature of the problem(s) and the patient's and/or family's needs. Usually, the presenting problem(s) are self limited or minor. Typically, 15 minutes are spent face-to-face with the patient and/or family."/>
                    <ns0:Concept code="99348" codeSystem="2.16.840.1.113883.6.12" codeSystemName="CPT" codeSystemVersion="2017" displayName="Home visit for the evaluation and management of an established patient, which requires at least 2 of these 3 key components: An expanded problem focused interval history; An expanded problem focused examination; Medical decision making of low complexity. Counseling and/or coordination of care with other physicians, other qualified health care professionals, or agencies are provided consistent with the nature of the problem(s) and the patient's and/or family's needs. Usually, the presenting problem(s) are of low to moderate severity. Typically, 25 minutes are spent face-to-face with the patient and/or family."/>
                    <ns0:Concept code="99349" codeSystem="2.16.840.1.113883.6.12" codeSystemName="CPT" codeSystemVersion="2017" displayName="Home visit for the evaluation and management of an established patient, which requires at least 2 of these 3 key components: A detailed interval history; A detailed examination; Medical decision making of moderate complexity. Counseling and/or coordination of care with other physicians, other qualified health care professionals, or agencies are provided consistent with the nature of the problem(s) and the patient's and/or family's needs. Usually, the presenting problem(s) are moderate to high severity. Typically, 40 minutes are spent face-to-face with the patient and/or family."/>
                    <ns0:Concept code="99350" codeSystem="2.16.840.1.113883.6.12" codeSystemName="CPT" codeSystemVersion="2017" displayName="Home visit for the evaluation and management of an established patient, which requires at least 2 of these 3 key components: A comprehensive interval history; A comprehensive examination; Medical decision making of moderate to high complexity. Counseling and/or coordination of care with other physicians, other qualified health care professionals, or agencies are provided consistent with the nature of the problem(s) and the patient's and/or family's needs. Usually, the presenting problem(s) are of moderate to high severity. The patient may be unstable or may have developed a significant new problem requiring immediate physician attention. Typically, 60 minutes are spent face-to-face with the patient and/or family."/>
                </ns0:ConceptList>
                <ns0:Source>National Committee for Quality Assurance</ns0:Source>
                <ns0:Purpose>(Clinical Focus: This value set identifies patients who have had a home health visit by a provider for the evaluation or management of a new or existing patient.),(Data Element Scope: This value set was intended to map to the QDM data type of encounter.),(Inclusion Criteria: Include all home visits for the evaluation and management of a new or established patient.),(Exclusion Criteria: None)</ns0:Purpose>
                <ns0:Definition>(2.16.840.1.113883.3.464.1003.101.11.1080:Home Healthcare Services)</ns0:Definition>
                <ns0:Type>Grouping</ns0:Type>
                <ns0:Binding>Dynamic</ns0:Binding>
                <ns0:Status>Active</ns0:Status>
                <ns0:RevisionDate>2017-05-04</ns0:RevisionDate>
            </ns0:DescribedValueSet>
        </ns0:RetrieveMultipleValueSetsResponse>
    http_version: 
  recorded_at: Thu, 22 Jun 2017 14:35:14 GMT
- request:
    method: post
    uri: https://vsac.nlm.nih.gov/vsac/ws/Ticket/TGT-120848-YztvHiJj9EZ7p1gYPoQUl7CI6bjxegHUS4cTT30jbQ1RVVWIVC-cas
    body:
      encoding: US-ASCII
      string: service=http%3A%2F%2Fumlsks.nlm.nih.gov
    headers:
      Accept:
      - "*/*; q=0.5, application/xml"
      Accept-Encoding:
      - gzip, deflate
      Content-Length:
      - '39'
      Content-Type:
      - application/x-www-form-urlencoded
      User-Agent:
      - Ruby
  response:
    status:
      code: 200
      message: ''
    headers:
      X-Frame-Options:
      - SAMEORIGIN
      - SAMEORIGIN
      X-Content-Type-Options:
      - nosniff
      - nosniff
      X-Xss-Protection:
      - 1; mode=block
      Cache-Control:
      - no-cache, no-store, max-age=0, must-revalidate
      Pragma:
      - no-cache
      Expires:
      - '0'
      Content-Type:
      - text/plain;charset=utf-8
      Content-Length:
      - '34'
      Date:
      - Thu, 22 Jun 2017 14:34:16 GMT
      Set-Cookie:
      - BIGipServervsacweb_p=!P+1RDn2frPPgm57LMWjf8K3rTDmEEopHVY2loCPwLh7dHpI9FQ5pLGP+PaCONzcpDytCrseA0o5Cr6g=;
        expires=Thu, 22-Jun-2017 16:34:16 GMT; path=/; Httponly; Secure
      X-Vip-Info:
      - 130.14.16.40:443
      X-Pool-Info:
      - "/Common/vsacweb_p 10.1.5.114 8080"
      Strict-Transport-Security:
      - max-age=31536000; includeSubDomains; preload
    body:
      encoding: UTF-8
      string: ST-446015-XJF5LRKU6LTf2B5deHdF-cas
    http_version: 
  recorded_at: Thu, 22 Jun 2017 14:35:14 GMT
- request:
    method: get
    uri: https://vsac.nlm.nih.gov/vsac/svs/RetrieveMultipleValueSets?id=2.16.840.1.113883.3.464.1003.101.12.1001&ticket=ST-446015-XJF5LRKU6LTf2B5deHdF-cas
    body:
      encoding: US-ASCII
      string: ''
    headers:
      Accept:
      - "*/*; q=0.5, application/xml"
      Accept-Encoding:
      - gzip, deflate
      User-Agent:
      - Ruby
  response:
    status:
      code: 200
      message: ''
    headers:
      X-Frame-Options:
      - SAMEORIGIN
      - SAMEORIGIN
      X-Content-Type-Options:
      - nosniff
      - nosniff
      X-Xss-Protection:
      - 1; mode=block
      Set-Cookie:
      - BIGipServervsacweb_p=!QcyH+w9cCdTSyaTLMWjf8K3rTDmEEsxT0Ex7fHh5Fbj2RhZkyB5j9wsyCHIz+lciFRIMaerKA86ppXE=;
        expires=Thu, 22-Jun-2017 16:34:16 GMT; path=/; Httponly; Secure
      - JSESSIONID=C68FD85D67B4B637B6A3EA7E526B0C75;path=/vsac;HttpOnly;Secure
      Cache-Control:
      - no-cache, no-store, max-age=0, must-revalidate
      Pragma:
      - no-cache
      Expires:
      - '0'
      Content-Type:
      - text/xml;charset=utf-8
      Content-Length:
      - '7867'
      Date:
      - Thu, 22 Jun 2017 14:34:16 GMT
      X-Vip-Info:
      - 130.14.16.40:443
      X-Pool-Info:
      - "/Common/vsacweb_p 10.1.5.114 8080"
      Strict-Transport-Security:
      - max-age=31536000; includeSubDomains; preload
    body:
      encoding: UTF-8
      string: |
        <?xml version="1.0" encoding="UTF-8" standalone="yes"?>
        <ns0:RetrieveMultipleValueSetsResponse xmlns:ns0="urn:ihe:iti:svs:2008" xmlns:xsi="http://www.w3.org/2001/XMLSchema-instance">
            <ns0:DescribedValueSet ID="2.16.840.1.113883.3.464.1003.101.12.1001" displayName="Office Visit" version="20170504">
                <ns0:ConceptList>
                    <ns0:Concept code="99201" codeSystem="2.16.840.1.113883.6.12" codeSystemName="CPT" codeSystemVersion="2017" displayName="Office or other outpatient visit for the evaluation and management of a new patient, which requires these 3 key components: A problem focused history; A problem focused examination; Straightforward medical decision making. Counseling and/or coordination of care with other physicians, other qualified health care professionals, or agencies are provided consistent with the nature of the problem(s) and the patient's and/or family's needs. Usually, the presenting problem(s) are self limited or minor. Typically, 10 minutes are spent face-to-face with the patient and/or family."/>
                    <ns0:Concept code="99202" codeSystem="2.16.840.1.113883.6.12" codeSystemName="CPT" codeSystemVersion="2017" displayName="Office or other outpatient visit for the evaluation and management of a new patient, which requires these 3 key components: An expanded problem focused history; An expanded problem focused examination; Straightforward medical decision making. Counseling and/or coordination of care with other physicians, other qualified health care professionals, or agencies are provided consistent with the nature of the problem(s) and the patient's and/or family's needs. Usually, the presenting problem(s) are of low to moderate severity. Typically, 20 minutes are spent face-to-face with the patient and/or family."/>
                    <ns0:Concept code="99203" codeSystem="2.16.840.1.113883.6.12" codeSystemName="CPT" codeSystemVersion="2017" displayName="Office or other outpatient visit for the evaluation and management of a new patient, which requires these 3 key components: A detailed history; A detailed examination; Medical decision making of low complexity. Counseling and/or coordination of care with other physicians, other qualified health care professionals, or agencies are provided consistent with the nature of the problem(s) and the patient's and/or family's needs. Usually, the presenting problem(s) are of moderate severity. Typically, 30 minutes are spent face-to-face with the patient and/or family."/>
                    <ns0:Concept code="99204" codeSystem="2.16.840.1.113883.6.12" codeSystemName="CPT" codeSystemVersion="2017" displayName="Office or other outpatient visit for the evaluation and management of a new patient, which requires these 3 key components: A comprehensive history; A comprehensive examination; Medical decision making of moderate complexity. Counseling and/or coordination of care with other physicians, other qualified health care professionals, or agencies are provided consistent with the nature of the problem(s) and the patient's and/or family's needs. Usually, the presenting problem(s) are of moderate to high severity. Typically, 45 minutes are spent face-to-face with the patient and/or family."/>
                    <ns0:Concept code="99205" codeSystem="2.16.840.1.113883.6.12" codeSystemName="CPT" codeSystemVersion="2017" displayName="Office or other outpatient visit for the evaluation and management of a new patient, which requires these 3 key components: A comprehensive history; A comprehensive examination; Medical decision making of high complexity. Counseling and/or coordination of care with other physicians, other qualified health care professionals, or agencies are provided consistent with the nature of the problem(s) and the patient's and/or family's needs. Usually, the presenting problem(s) are of moderate to high severity. Typically, 60 minutes are spent face-to-face with the patient and/or family."/>
                    <ns0:Concept code="99212" codeSystem="2.16.840.1.113883.6.12" codeSystemName="CPT" codeSystemVersion="2017" displayName="Office or other outpatient visit for the evaluation and management of an established patient, which requires at least 2 of these 3 key components: A problem focused history; A problem focused examination; Straightforward medical decision making. Counseling and/or coordination of care with other physicians, other qualified health care professionals, or agencies are provided consistent with the nature of the problem(s) and the patient's and/or family's needs. Usually, the presenting problem(s) are self limited or minor. Typically, 10 minutes are spent face-to-face with the patient and/or family."/>
                    <ns0:Concept code="99213" codeSystem="2.16.840.1.113883.6.12" codeSystemName="CPT" codeSystemVersion="2017" displayName="Office or other outpatient visit for the evaluation and management of an established patient, which requires at least 2 of these 3 key components: An expanded problem focused history; An expanded problem focused examination; Medical decision making of low complexity. Counseling and coordination of care with other physicians, other qualified health care professionals, or agencies are provided consistent with the nature of the problem(s) and the patient's and/or family's needs. Usually, the presenting problem(s) are of low to moderate severity. Typically, 15 minutes are spent face-to-face with the patient and/or family."/>
                    <ns0:Concept code="99214" codeSystem="2.16.840.1.113883.6.12" codeSystemName="CPT" codeSystemVersion="2017" displayName="Office or other outpatient visit for the evaluation and management of an established patient, which requires at least 2 of these 3 key components: A detailed history; A detailed examination; Medical decision making of moderate complexity. Counseling and/or coordination of care with other physicians, other qualified health care professionals, or agencies are provided consistent with the nature of the problem(s) and the patient's and/or family's needs. Usually, the presenting problem(s) are of moderate to high severity. Typically, 25 minutes are spent face-to-face with the patient and/or family."/>
                    <ns0:Concept code="99215" codeSystem="2.16.840.1.113883.6.12" codeSystemName="CPT" codeSystemVersion="2017" displayName="Office or other outpatient visit for the evaluation and management of an established patient, which requires at least 2 of these 3 key components: A comprehensive history; A comprehensive examination; Medical decision making of high complexity. Counseling and/or coordination of care with other physicians, other qualified health care professionals, or agencies are provided consistent with the nature of the problem(s) and the patient's and/or family's needs. Usually, the presenting problem(s) are of moderate to high severity. Typically, 40 minutes are spent face-to-face with the patient and/or family."/>
                </ns0:ConceptList>
                <ns0:Source>National Committee for Quality Assurance</ns0:Source>
                <ns0:Purpose>(Clinical Focus: This value set identifies patients who have had an office or other outpatient visit.),(Data Element Scope: This value set was intended to map to the QDM data type of encounter.),(Inclusion Criteria: Includes comprehensive history, evaluation, and management of a patient in an office or outpatient facility. Patient can be presenting with problems that are minor to high severity.),(Exclusion Criteria: Excludes non-office visits, including telehealth services.)</ns0:Purpose>
                <ns0:Definition>(2.16.840.1.113883.3.464.1003.101.11.1005:Office Visit)</ns0:Definition>
                <ns0:Type>Grouping</ns0:Type>
                <ns0:Binding>Dynamic</ns0:Binding>
                <ns0:Status>Active</ns0:Status>
                <ns0:RevisionDate>2017-05-04</ns0:RevisionDate>
            </ns0:DescribedValueSet>
        </ns0:RetrieveMultipleValueSetsResponse>
    http_version: 
  recorded_at: Thu, 22 Jun 2017 14:35:14 GMT
- request:
    method: post
    uri: https://vsac.nlm.nih.gov/vsac/ws/Ticket/TGT-120848-YztvHiJj9EZ7p1gYPoQUl7CI6bjxegHUS4cTT30jbQ1RVVWIVC-cas
    body:
      encoding: US-ASCII
      string: service=http%3A%2F%2Fumlsks.nlm.nih.gov
    headers:
      Accept:
      - "*/*; q=0.5, application/xml"
      Accept-Encoding:
      - gzip, deflate
      Content-Length:
      - '39'
      Content-Type:
      - application/x-www-form-urlencoded
      User-Agent:
      - Ruby
  response:
    status:
      code: 200
      message: ''
    headers:
      X-Frame-Options:
      - SAMEORIGIN
      - SAMEORIGIN
      X-Content-Type-Options:
      - nosniff
      - nosniff
      X-Xss-Protection:
      - 1; mode=block
      Cache-Control:
      - no-cache, no-store, max-age=0, must-revalidate
      Pragma:
      - no-cache
      Expires:
      - '0'
      Content-Type:
      - text/plain;charset=utf-8
      Content-Length:
      - '34'
      Date:
      - Thu, 22 Jun 2017 14:34:16 GMT
      Set-Cookie:
      - BIGipServervsacweb_p=!Q3elZrH8MywsIx7LMWjf8K3rTDmEEk7d3GJOtim3EaOHZEoauXL7xzbp+7hTxHxmOKipqvFByhem+4k=;
        expires=Thu, 22-Jun-2017 16:34:16 GMT; path=/; Httponly; Secure
      X-Vip-Info:
      - 130.14.16.40:443
      X-Pool-Info:
      - "/Common/vsacweb_p 10.1.5.114 8080"
      Strict-Transport-Security:
      - max-age=31536000; includeSubDomains; preload
    body:
      encoding: UTF-8
      string: ST-446020-3UFift9fD2Sk45eW3CRw-cas
    http_version: 
  recorded_at: Thu, 22 Jun 2017 14:35:14 GMT
- request:
    method: get
    uri: https://vsac.nlm.nih.gov/vsac/svs/RetrieveMultipleValueSets?id=2.16.840.1.113883.3.464.1003.198.12.1005&ticket=ST-446020-3UFift9fD2Sk45eW3CRw-cas
    body:
      encoding: US-ASCII
      string: ''
    headers:
      Accept:
      - "*/*; q=0.5, application/xml"
      Accept-Encoding:
      - gzip, deflate
      User-Agent:
      - Ruby
  response:
    status:
      code: 200
      message: ''
    headers:
      X-Frame-Options:
      - SAMEORIGIN
      - SAMEORIGIN
      X-Content-Type-Options:
      - nosniff
      - nosniff
      X-Xss-Protection:
      - 1; mode=block
      Set-Cookie:
      - BIGipServervsacweb_p=!IgsF7xFUJtQFxFrLMWjf8K3rTDmEEibEnxs5BToC1cW/74aGnylXPfldDDY1zjitFVVda5KHXk3VU84=;
        expires=Thu, 22-Jun-2017 16:34:17 GMT; path=/; Httponly; Secure
      - JSESSIONID=7E6C943DFE638BACD55C81706DFEBBF0;path=/vsac;HttpOnly;Secure
      Cache-Control:
      - no-cache, no-store, max-age=0, must-revalidate
      Pragma:
      - no-cache
      Expires:
      - '0'
      Content-Type:
      - text/xml;charset=utf-8
      Content-Length:
      - '2767'
      Date:
      - Thu, 22 Jun 2017 14:34:17 GMT
      X-Vip-Info:
      - 130.14.16.40:443
      X-Pool-Info:
      - "/Common/vsacweb_p 10.1.5.114 8080"
      Strict-Transport-Security:
      - max-age=31536000; includeSubDomains; preload
    body:
      encoding: UTF-8
      string: |
        <?xml version="1.0" encoding="UTF-8" standalone="yes"?>
        <ns0:RetrieveMultipleValueSetsResponse xmlns:ns0="urn:ihe:iti:svs:2008" xmlns:xsi="http://www.w3.org/2001/XMLSchema-instance">
            <ns0:DescribedValueSet ID="2.16.840.1.113883.3.464.1003.198.12.1005" displayName="Bilateral Mastectomy" version="20170504">
                <ns0:ConceptList>
                    <ns0:Concept code="14693006" codeSystem="2.16.840.1.113883.6.96" codeSystemName="SNOMEDCT" codeSystemVersion="2017-03" displayName="Bilateral subcutaneous mammectomy (procedure)"/>
                    <ns0:Concept code="14714006" codeSystem="2.16.840.1.113883.6.96" codeSystemName="SNOMEDCT" codeSystemVersion="2017-03" displayName="Bilateral mastectomy with excision of bilateral regional lymph nodes (procedure)"/>
                    <ns0:Concept code="17086001" codeSystem="2.16.840.1.113883.6.96" codeSystemName="SNOMEDCT" codeSystemVersion="2017-03" displayName="Modified radical mastectomy, bilateral (procedure)"/>
                    <ns0:Concept code="22418005" codeSystem="2.16.840.1.113883.6.96" codeSystemName="SNOMEDCT" codeSystemVersion="2017-03" displayName="Bilateral simple mastectomy (procedure)"/>
                    <ns0:Concept code="27865001" codeSystem="2.16.840.1.113883.6.96" codeSystemName="SNOMEDCT" codeSystemVersion="2017-03" displayName="Bilateral mastectomy (procedure)"/>
                    <ns0:Concept code="456903003" codeSystem="2.16.840.1.113883.6.96" codeSystemName="SNOMEDCT" codeSystemVersion="2017-03" displayName="Bilateral extended radical mastectomy (procedure)"/>
                    <ns0:Concept code="52314009" codeSystem="2.16.840.1.113883.6.96" codeSystemName="SNOMEDCT" codeSystemVersion="2017-03" displayName="Bilateral mastectomy extended simple (procedure)"/>
                    <ns0:Concept code="60633004" codeSystem="2.16.840.1.113883.6.96" codeSystemName="SNOMEDCT" codeSystemVersion="2017-03" displayName="Bilateral subcutaneous mammectomy with synchronous implant (procedure)"/>
                    <ns0:Concept code="76468001" codeSystem="2.16.840.1.113883.6.96" codeSystemName="SNOMEDCT" codeSystemVersion="2017-03" displayName="Bilateral radical mastectomy (procedure)"/>
                </ns0:ConceptList>
                <ns0:Source>National Committee for Quality Assurance</ns0:Source>
                <ns0:Purpose>(Clinical Focus: Under Development),(Data Element Scope: Under Development),(Inclusion Criteria: Under Development),(Exclusion Criteria: Under Development)</ns0:Purpose>
                <ns0:Definition>(2.16.840.1.113883.3.464.1003.198.11.1005:Bilateral Mastectomy)</ns0:Definition>
                <ns0:Type>Grouping</ns0:Type>
                <ns0:Binding>Dynamic</ns0:Binding>
                <ns0:Status>Active</ns0:Status>
                <ns0:RevisionDate>2017-05-04</ns0:RevisionDate>
            </ns0:DescribedValueSet>
        </ns0:RetrieveMultipleValueSetsResponse>
    http_version: 
  recorded_at: Thu, 22 Jun 2017 14:35:15 GMT
- request:
    method: post
    uri: https://vsac.nlm.nih.gov/vsac/ws/Ticket/TGT-120848-YztvHiJj9EZ7p1gYPoQUl7CI6bjxegHUS4cTT30jbQ1RVVWIVC-cas
    body:
      encoding: US-ASCII
      string: service=http%3A%2F%2Fumlsks.nlm.nih.gov
    headers:
      Accept:
      - "*/*; q=0.5, application/xml"
      Accept-Encoding:
      - gzip, deflate
      Content-Length:
      - '39'
      Content-Type:
      - application/x-www-form-urlencoded
      User-Agent:
      - Ruby
  response:
    status:
      code: 200
      message: ''
    headers:
      X-Frame-Options:
      - SAMEORIGIN
      - SAMEORIGIN
      X-Content-Type-Options:
      - nosniff
      - nosniff
      X-Xss-Protection:
      - 1; mode=block
      Cache-Control:
      - no-cache, no-store, max-age=0, must-revalidate
      Pragma:
      - no-cache
      Expires:
      - '0'
      Content-Type:
      - text/plain;charset=utf-8
      Content-Length:
      - '34'
      Date:
      - Thu, 22 Jun 2017 14:34:17 GMT
      Set-Cookie:
      - BIGipServervsacweb_p=!a1G4e/0BJjo8XZHLMWjf8K3rTDmEEkqZZxh6nN8pPnMjUfMowIC0CTAjm4MaWdt4GS/UkBkIfS3ViME=;
        expires=Thu, 22-Jun-2017 16:34:17 GMT; path=/; Httponly; Secure
      X-Vip-Info:
      - 130.14.16.40:443
      X-Pool-Info:
      - "/Common/vsacweb_p 10.1.5.114 8080"
      Strict-Transport-Security:
      - max-age=31536000; includeSubDomains; preload
    body:
      encoding: UTF-8
      string: ST-446024-irxE7nOeZj1MRDvTmq2V-cas
    http_version: 
  recorded_at: Thu, 22 Jun 2017 14:35:15 GMT
- request:
    method: get
    uri: https://vsac.nlm.nih.gov/vsac/svs/RetrieveMultipleValueSets?id=2.16.840.1.113883.3.464.1003.198.12.1020&ticket=ST-446024-irxE7nOeZj1MRDvTmq2V-cas
    body:
      encoding: US-ASCII
      string: ''
    headers:
      Accept:
      - "*/*; q=0.5, application/xml"
      Accept-Encoding:
      - gzip, deflate
      User-Agent:
      - Ruby
  response:
    status:
      code: 200
      message: ''
    headers:
      X-Frame-Options:
      - SAMEORIGIN
      - SAMEORIGIN
      X-Content-Type-Options:
      - nosniff
      - nosniff
      X-Xss-Protection:
      - 1; mode=block
      Set-Cookie:
      - BIGipServervsacweb_p=!dAfLtuOswsw2syDLMWjf8K3rTDmEEq9dWT5NeDi55urV4mzPd3ztdOMBhoLFT5zPqrtkKIlqFvOvfWQ=;
        expires=Thu, 22-Jun-2017 16:34:17 GMT; path=/; Httponly; Secure
      - JSESSIONID=3EC50C21E2C3A0674D96A879F7A44965;path=/vsac;HttpOnly;Secure
      Cache-Control:
      - no-cache, no-store, max-age=0, must-revalidate
      Pragma:
      - no-cache
      Expires:
      - '0'
      Content-Type:
      - text/xml;charset=utf-8
      Content-Length:
      - '6702'
      Date:
      - Thu, 22 Jun 2017 14:34:17 GMT
      X-Vip-Info:
      - 130.14.16.40:443
      X-Pool-Info:
      - "/Common/vsacweb_p 10.1.5.114 8080"
      Strict-Transport-Security:
      - max-age=31536000; includeSubDomains; preload
    body:
      encoding: UTF-8
      string: |
        <?xml version="1.0" encoding="UTF-8" standalone="yes"?>
        <ns0:RetrieveMultipleValueSetsResponse xmlns:ns0="urn:ihe:iti:svs:2008" xmlns:xsi="http://www.w3.org/2001/XMLSchema-instance">
            <ns0:DescribedValueSet ID="2.16.840.1.113883.3.464.1003.198.12.1020" displayName="Unilateral Mastectomy" version="20170504">
                <ns0:ConceptList>
                    <ns0:Concept code="172043006" codeSystem="2.16.840.1.113883.6.96" codeSystemName="SNOMEDCT" codeSystemVersion="2017-03" displayName="Simple mastectomy (procedure)"/>
                    <ns0:Concept code="19303" codeSystem="2.16.840.1.113883.6.12" codeSystemName="CPT" codeSystemVersion="2017" displayName="Mastectomy, simple, complete"/>
                    <ns0:Concept code="19304" codeSystem="2.16.840.1.113883.6.12" codeSystemName="CPT" codeSystemVersion="2017" displayName="Mastectomy, subcutaneous"/>
                    <ns0:Concept code="19305" codeSystem="2.16.840.1.113883.6.12" codeSystemName="CPT" codeSystemVersion="2017" displayName="Mastectomy, radical, including pectoral muscles, axillary lymph nodes"/>
                    <ns0:Concept code="19306" codeSystem="2.16.840.1.113883.6.12" codeSystemName="CPT" codeSystemVersion="2017" displayName="Mastectomy, radical, including pectoral muscles, axillary and internal mammary lymph nodes (Urban type operation)"/>
                    <ns0:Concept code="19307" codeSystem="2.16.840.1.113883.6.12" codeSystemName="CPT" codeSystemVersion="2017" displayName="Mastectomy, modified radical, including axillary lymph nodes, with or without pectoralis minor muscle, but excluding pectoralis major muscle"/>
                    <ns0:Concept code="237367009" codeSystem="2.16.840.1.113883.6.96" codeSystemName="SNOMEDCT" codeSystemVersion="2017-03" displayName="Total mastectomy and division of pectoralis minor muscle (procedure)"/>
                    <ns0:Concept code="237368004" codeSystem="2.16.840.1.113883.6.96" codeSystemName="SNOMEDCT" codeSystemVersion="2017-03" displayName="Total mastectomy and excision of part of pectoral muscles and chest wall (procedure)"/>
                    <ns0:Concept code="274957008" codeSystem="2.16.840.1.113883.6.96" codeSystemName="SNOMEDCT" codeSystemVersion="2017-03" displayName="Radical mastectomy including axillary lymph nodes (procedure)"/>
                    <ns0:Concept code="287653007" codeSystem="2.16.840.1.113883.6.96" codeSystemName="SNOMEDCT" codeSystemVersion="2017-03" displayName="Subcutaneous mastectomy and prosthetic implant (procedure)"/>
                    <ns0:Concept code="287654001" codeSystem="2.16.840.1.113883.6.96" codeSystemName="SNOMEDCT" codeSystemVersion="2017-03" displayName="Extended simple mastectomy (procedure)"/>
                    <ns0:Concept code="318190001" codeSystem="2.16.840.1.113883.6.96" codeSystemName="SNOMEDCT" codeSystemVersion="2017-03" displayName="Mastectomy with preservation of skin and nipple with synchronous implant (procedure)"/>
                    <ns0:Concept code="359728003" codeSystem="2.16.840.1.113883.6.96" codeSystemName="SNOMEDCT" codeSystemVersion="2017-03" displayName="Radical mastectomy including pectoral muscles and axillary lymph nodes (procedure)"/>
                    <ns0:Concept code="359731002" codeSystem="2.16.840.1.113883.6.96" codeSystemName="SNOMEDCT" codeSystemVersion="2017-03" displayName="Urban operation, extended radical mastectomy (procedure)"/>
                    <ns0:Concept code="359734005" codeSystem="2.16.840.1.113883.6.96" codeSystemName="SNOMEDCT" codeSystemVersion="2017-03" displayName="Halsted mastectomy (procedure)"/>
                    <ns0:Concept code="359740003" codeSystem="2.16.840.1.113883.6.96" codeSystemName="SNOMEDCT" codeSystemVersion="2017-03" displayName="Extended radical mastectomy (procedure)"/>
                    <ns0:Concept code="384723003" codeSystem="2.16.840.1.113883.6.96" codeSystemName="SNOMEDCT" codeSystemVersion="2017-03" displayName="Radical mastectomy (procedure)"/>
                    <ns0:Concept code="395702000" codeSystem="2.16.840.1.113883.6.96" codeSystemName="SNOMEDCT" codeSystemVersion="2017-03" displayName="Patey total mastectomy (procedure)"/>
                    <ns0:Concept code="406505007" codeSystem="2.16.840.1.113883.6.96" codeSystemName="SNOMEDCT" codeSystemVersion="2017-03" displayName="Modified radical mastectomy (procedure)"/>
                    <ns0:Concept code="428564008" codeSystem="2.16.840.1.113883.6.96" codeSystemName="SNOMEDCT" codeSystemVersion="2017-03" displayName="Skin sparing mastectomy (procedure)"/>
                    <ns0:Concept code="428571003" codeSystem="2.16.840.1.113883.6.96" codeSystemName="SNOMEDCT" codeSystemVersion="2017-03" displayName="Mastectomy of left breast (procedure)"/>
                    <ns0:Concept code="429400009" codeSystem="2.16.840.1.113883.6.96" codeSystemName="SNOMEDCT" codeSystemVersion="2017-03" displayName="Mastectomy of right breast (procedure)"/>
                    <ns0:Concept code="446109005" codeSystem="2.16.840.1.113883.6.96" codeSystemName="SNOMEDCT" codeSystemVersion="2017-03" displayName="Simple mastectomy with excision of axillary lymph nodes (procedure)"/>
                    <ns0:Concept code="446420001" codeSystem="2.16.840.1.113883.6.96" codeSystemName="SNOMEDCT" codeSystemVersion="2017-03" displayName="Simple mastectomy with complete axillary lymphadenectomy (procedure)"/>
                    <ns0:Concept code="447135002" codeSystem="2.16.840.1.113883.6.96" codeSystemName="SNOMEDCT" codeSystemVersion="2017-03" displayName="Simple mastectomy with axillary lymph node sampling (procedure)"/>
                    <ns0:Concept code="447421006" codeSystem="2.16.840.1.113883.6.96" codeSystemName="SNOMEDCT" codeSystemVersion="2017-03" displayName="Prophylactic mastectomy (procedure)"/>
                    <ns0:Concept code="66398006" codeSystem="2.16.840.1.113883.6.96" codeSystemName="SNOMEDCT" codeSystemVersion="2017-03" displayName="Mastectomy with excision of regional lymph nodes (procedure)"/>
                    <ns0:Concept code="70183006" codeSystem="2.16.840.1.113883.6.96" codeSystemName="SNOMEDCT" codeSystemVersion="2017-03" displayName="Subcutaneous mastectomy (procedure)"/>
                </ns0:ConceptList>
                <ns0:Source>National Committee for Quality Assurance</ns0:Source>
                <ns0:Purpose>(Clinical Focus: Under Development),(Data Element Scope: Under Development),(Inclusion Criteria: Under Development),(Exclusion Criteria: Under Development)</ns0:Purpose>
                <ns0:Definition>(2.16.840.1.113883.3.464.1003.198.11.1037:Unilateral Mastectomy),(2.16.840.1.113883.3.464.1003.198.11.1038:Unilateral Mastectomy)</ns0:Definition>
                <ns0:Type>Grouping</ns0:Type>
                <ns0:Binding>Dynamic</ns0:Binding>
                <ns0:Status>Active</ns0:Status>
                <ns0:RevisionDate>2017-05-04</ns0:RevisionDate>
            </ns0:DescribedValueSet>
        </ns0:RetrieveMultipleValueSetsResponse>
    http_version: 
  recorded_at: Thu, 22 Jun 2017 14:35:15 GMT
- request:
    method: post
    uri: https://vsac.nlm.nih.gov/vsac/ws/Ticket/TGT-120848-YztvHiJj9EZ7p1gYPoQUl7CI6bjxegHUS4cTT30jbQ1RVVWIVC-cas
    body:
      encoding: US-ASCII
      string: service=http%3A%2F%2Fumlsks.nlm.nih.gov
    headers:
      Accept:
      - "*/*; q=0.5, application/xml"
      Accept-Encoding:
      - gzip, deflate
      Content-Length:
      - '39'
      Content-Type:
      - application/x-www-form-urlencoded
      User-Agent:
      - Ruby
  response:
    status:
      code: 200
      message: ''
    headers:
      X-Frame-Options:
      - SAMEORIGIN
      - SAMEORIGIN
      X-Content-Type-Options:
      - nosniff
      - nosniff
      X-Xss-Protection:
      - 1; mode=block
      Cache-Control:
      - no-cache, no-store, max-age=0, must-revalidate
      Pragma:
      - no-cache
      Expires:
      - '0'
      Content-Type:
      - text/plain;charset=utf-8
      Content-Length:
      - '34'
      Date:
      - Thu, 22 Jun 2017 14:34:17 GMT
      Set-Cookie:
      - BIGipServervsacweb_p=!FdjfZepFCuj4UcPLMWjf8K3rTDmEEvOlmzSF+JqXfuM8WpCbj9TMw9w3FQTerRB/1/cGqxMMhNmtrpk=;
        expires=Thu, 22-Jun-2017 16:34:18 GMT; path=/; Httponly; Secure
      X-Vip-Info:
      - 130.14.16.40:443
      X-Pool-Info:
      - "/Common/vsacweb_p 10.1.5.114 8080"
      Strict-Transport-Security:
      - max-age=31536000; includeSubDomains; preload
    body:
      encoding: UTF-8
      string: ST-446029-a3EY5idiSm1W6oWNjHv1-cas
    http_version: 
  recorded_at: Thu, 22 Jun 2017 14:35:15 GMT
- request:
    method: get
    uri: https://vsac.nlm.nih.gov/vsac/svs/RetrieveMultipleValueSets?id=2.16.840.1.113883.3.560.100.2&ticket=ST-446029-a3EY5idiSm1W6oWNjHv1-cas
    body:
      encoding: US-ASCII
      string: ''
    headers:
      Accept:
      - "*/*; q=0.5, application/xml"
      Accept-Encoding:
      - gzip, deflate
      User-Agent:
      - Ruby
  response:
    status:
      code: 200
      message: ''
    headers:
      X-Frame-Options:
      - SAMEORIGIN
      - SAMEORIGIN
      X-Content-Type-Options:
      - nosniff
      - nosniff
      X-Xss-Protection:
      - 1; mode=block
      Set-Cookie:
      - BIGipServervsacweb_p=!oe9E9IudQs9NG4DLMWjf8K3rTDmEEqH0ce8s0RUGVJtciN5FBg8ot4VquVCpIU9Gtbr97ofIc51j+3E=;
        expires=Thu, 22-Jun-2017 16:34:18 GMT; path=/; Httponly; Secure
      - JSESSIONID=233F0CBC19E211DB21A30EE5D9B42050;path=/vsac;HttpOnly;Secure
      Cache-Control:
      - no-cache, no-store, max-age=0, must-revalidate
      Pragma:
      - no-cache
      Expires:
      - '0'
      Content-Type:
      - text/xml;charset=utf-8
      Content-Length:
      - '1115'
      Date:
      - Thu, 22 Jun 2017 14:34:17 GMT
      X-Vip-Info:
      - 130.14.16.40:443
      X-Pool-Info:
      - "/Common/vsacweb_p 10.1.5.114 8080"
      Strict-Transport-Security:
      - max-age=31536000; includeSubDomains; preload
    body:
      encoding: UTF-8
      string: |
        <?xml version="1.0" encoding="UTF-8" standalone="yes"?>
        <ns0:RetrieveMultipleValueSetsResponse xmlns:ns0="urn:ihe:iti:svs:2008" xmlns:xsi="http://www.w3.org/2001/XMLSchema-instance">
            <ns0:DescribedValueSet ID="2.16.840.1.113883.3.560.100.2" displayName="Female" version="20170202">
                <ns0:ConceptList>
                    <ns0:Concept code="F" codeSystem="2.16.840.1.113883.5.1" codeSystemName="AdministrativeGender" codeSystemVersion="HL7V3.0_2016-07" displayName="Female"/>
                </ns0:ConceptList>
                <ns0:Source>Office of the National Coordinator for Health Information Technology</ns0:Source>
                <ns0:Purpose>(Clinical Focus: Concepts that represent Female when assessing quality measures),(Data Element Scope: Gender),(Inclusion Criteria: Appropriate female gender concepts),(Exclusion Criteria: Concepts representing Male gender)</ns0:Purpose>
                <ns0:Type>Extensional</ns0:Type>
                <ns0:Binding>Dynamic</ns0:Binding>
                <ns0:Status>Active</ns0:Status>
                <ns0:RevisionDate>2016-03-31</ns0:RevisionDate>
            </ns0:DescribedValueSet>
        </ns0:RetrieveMultipleValueSetsResponse>
    http_version: 
  recorded_at: Thu, 22 Jun 2017 14:35:16 GMT
recorded_with: VCR 3.0.3
