---
http_interactions:
- request:
    method: post
    uri: https://vsac.nlm.nih.gov/vsac/ws/Ticket
    body:
      encoding: UTF-8
      string: username=<VSAC_USERNAME>&password=<VSAC_PASSWORD>
    headers:
      Accept:
      - "*/*; q=0.5, application/xml"
      Accept-Encoding:
      - gzip, deflate
      Content-Length:
      - '38'
      Content-Type:
      - application/x-www-form-urlencoded
      User-Agent:
      - Ruby
  response:
    status:
      code: 200
      message: ''
    headers:
      Cache-Control:
      - no-cache, no-store, max-age=0, must-revalidate
      Pragma:
      - no-cache
      Expires:
      - '0'
      X-Xss-Protection:
      - 1; mode=block
      X-Frame-Options:
      - SAMEORIGIN
      X-Content-Type-Options:
      - nosniff
      Content-Type:
      - text/plain;charset=utf-8
      Content-Length:
      - '64'
      Date:
      - Wed, 28 Mar 2018 17:36:31 GMT
      Set-Cookie:
      - BIGipServervsacweb_p=!+/n5AvaZ3yVvCo3NtNHn4GsLooFbU1R4gzjtubVMApx6HVvE3nyD+HCqeL4DOb/nTp48fBLC89O09PM=;
        expires=Wed, 28-Mar-2018 19:36:32 GMT; path=/; Httponly; Secure
      X-Vip-Info:
      - 130.14.16.40:443
      X-Pool-Info:
      - "/Common/vsacweb_p 10.1.5.110 8080"
      Strict-Transport-Security:
      - max-age=31536000; includeSubDomains; preload
    body:
      encoding: UTF-8
      string: TGT-68803-4moVDPggtJfMBmYFaRaISLTIXCYYueHtWkUf5TgaDcpMsh4qaj-cas
    http_version: 
  recorded_at: Wed, 28 Mar 2018 17:36:32 GMT
- request:
    method: post
    uri: https://vsac.nlm.nih.gov/vsac/ws/Ticket/TGT-68803-4moVDPggtJfMBmYFaRaISLTIXCYYueHtWkUf5TgaDcpMsh4qaj-cas
    body:
      encoding: UTF-8
      string: service=http%3A%2F%2Fumlsks.nlm.nih.gov
    headers:
      Accept:
      - "*/*; q=0.5, application/xml"
      Accept-Encoding:
      - gzip, deflate
      Content-Length:
      - '39'
      Content-Type:
      - application/x-www-form-urlencoded
      User-Agent:
      - Ruby
  response:
    status:
      code: 200
      message: ''
    headers:
      Cache-Control:
      - no-cache, no-store, max-age=0, must-revalidate
      Pragma:
      - no-cache
      Expires:
      - '0'
      X-Xss-Protection:
      - 1; mode=block
      X-Frame-Options:
      - SAMEORIGIN
      X-Content-Type-Options:
      - nosniff
      Content-Type:
      - text/plain;charset=utf-8
      Content-Length:
      - '35'
      Date:
      - Wed, 28 Mar 2018 17:36:32 GMT
      Set-Cookie:
      - BIGipServervsacweb_p=!66icvEq6EsFv/VjNtNHn4GsLooFbUwMoKHqpNtHLcff0moMFwpvk/KHE/EE07DcvjUsg0VfRnY3+ykc=;
        expires=Wed, 28-Mar-2018 19:36:32 GMT; path=/; Httponly; Secure
      X-Vip-Info:
      - 130.14.16.40:443
      X-Pool-Info:
      - "/Common/vsacweb_p 10.1.5.112 8080"
      Strict-Transport-Security:
      - max-age=31536000; includeSubDomains; preload
    body:
      encoding: UTF-8
      string: ST-1635302-3GaUpoxmn9WT2LqTUUok-cas
    http_version: 
  recorded_at: Wed, 28 Mar 2018 17:36:32 GMT
- request:
    method: get
    uri: https://vsac.nlm.nih.gov/vsac/svs/RetrieveMultipleValueSets?id=2.16.840.1.113762.1.4.1&ticket=ST-1635302-3GaUpoxmn9WT2LqTUUok-cas
    body:
      encoding: US-ASCII
      string: ''
    headers:
      Accept:
      - "*/*; q=0.5, application/xml"
      Accept-Encoding:
      - gzip, deflate
      User-Agent:
      - Ruby
  response:
    status:
      code: 200
      message: ''
    headers:
      Cache-Control:
      - no-cache, no-store, max-age=0, must-revalidate
      Pragma:
      - no-cache
      Expires:
      - '0'
      X-Xss-Protection:
      - 1; mode=block
      X-Frame-Options:
      - SAMEORIGIN
      X-Content-Type-Options:
      - nosniff
      Set-Cookie:
      - BIGipServervsacweb_p=!G9MlC76eHvMZ75/NtNHn4GsLooFbU8QaeLulRNIjdAGM4kA+t4WkuZ7aur0K/cb0p6myQyFS7nm1qyE=;
        expires=Wed, 28-Mar-2018 19:36:32 GMT; path=/; Httponly; Secure
      - JSESSIONID=41848C468C12987E5A98575B971EB9C2;path=/vsac;HttpOnly;Secure
      Content-Type:
      - text/xml;charset=utf-8
      Content-Length:
      - '1361'
      Date:
      - Wed, 28 Mar 2018 17:36:32 GMT
      X-Vip-Info:
      - 130.14.16.40:443
      X-Pool-Info:
      - "/Common/vsacweb_p 10.1.5.112 8080"
      Strict-Transport-Security:
      - max-age=31536000; includeSubDomains; preload
    body:
      encoding: UTF-8
      string: |
        <?xml version="1.0" encoding="UTF-8" standalone="yes"?>
        <ns0:RetrieveMultipleValueSetsResponse xmlns:ns0="urn:ihe:iti:svs:2008" xmlns:xsi="http://www.w3.org/2001/XMLSchema-instance">
            <ns0:DescribedValueSet ID="2.16.840.1.113762.1.4.1" displayName="ONC Administrative Sex" version="20171120">
                <ns0:ConceptList>
                    <ns0:Concept code="F" codeSystem="2.16.840.1.113883.5.1" codeSystemName="AdministrativeGender" codeSystemVersion="HL7V3.0_2017-07" displayName="Female"/>
                    <ns0:Concept code="M" codeSystem="2.16.840.1.113883.5.1" codeSystemName="AdministrativeGender" codeSystemVersion="HL7V3.0_2017-07" displayName="Male"/>
                </ns0:ConceptList>
                <ns0:Source>Office of the National Coordinator for Health Information Technology</ns0:Source>
                <ns0:Purpose>(Clinical Focus: Gender identity restricted to only Male and Female used in administrative situations requiring a restriction to these two categories.),(Data Element Scope: Gender),(Inclusion Criteria: Male and Female only.),(Exclusion Criteria: Any gender identity that is not male or female.)</ns0:Purpose>
                <ns0:Type>Extensional</ns0:Type>
                <ns0:Binding>Dynamic</ns0:Binding>
                <ns0:Status>Active</ns0:Status>
                <ns0:RevisionDate>2015-03-31</ns0:RevisionDate>
            </ns0:DescribedValueSet>
        </ns0:RetrieveMultipleValueSetsResponse>
    http_version: 
  recorded_at: Wed, 28 Mar 2018 17:36:33 GMT
recorded_with: VCR 3.0.3
